
SYMBOLS BY NAME

      80            CTL_IRQ_STACK_SIZE  
    25ee UDATA0     _ARC_bus_helper_task
    280e UDATA0     _ARC_bus_task       
   120d2 CODE       _ARC_setup          
    d0f1 CONST      _ARClib_version     
   155d8 CODE       _ARClib_version_Cmd 
    d104 CONST      _ARClib_vstruct     
    f804 CODE       _ARCsearch_Cmd      
   11986 CODE       _BUS_I2C_release    
    260a UDATA0     _BUS_INT_events     
   11924 CODE       _BUS_OA_check       
   11cba CODE       _BUS_SPI_txrx       
   118b4 CODE       _BUS_addr_to_flags  
   130aa CODE       _BUS_alarm_is_free  
   13174 CODE       _BUS_alarm_ticker_update
   1190a CODE       _BUS_cmd_init       
   13de6 CODE       _BUS_cmd_resptostr  
   11a22 CODE       _BUS_cmd_tx         
   13c3a CODE       _BUS_cmdtostr       
   13b6a CODE       _BUS_error_str      
   1183e CODE       _BUS_flags_to_addr  
   13108 CODE       _BUS_free_alarm     
   12dd0 CODE       _BUS_free_buffer    
   12dda CODE       _BUS_free_buffer_from_event
   117c2 CODE       _BUS_get_OA         
   130d2 CODE       _BUS_get_alarm_time 
   12da8 CODE       _BUS_get_buffer     
   12da2 CODE       _BUS_get_buffer_size
    260c UDATA0     _BUS_helper_events  
   12d98 CODE       _BUS_init_buffer    
    260e UDATA0     _BUS_stack          
    385a THREAD     _BUS_thread_addr_flags
   13120 CODE       _BUS_timer_timeout_check
    2aae UDATA0     _DMA_events         
    c51e ISR        _DMA_int            
   14506 CODE       _ERR_lev_str        
   14ffc CODE       _I2C_addr_lookup    
   15044 CODE       _I2C_addr_revlookup 
    286e UDATA0     _I2C_rx_buf         
    286c UDATA0     _I2C_rx_in          
    286a UDATA0     _I2C_rx_out         
   13430 CODE       _PMM_setVCore       
   13376 CODE       _PMM_setVCoreDown   
   1327c CODE       _PMM_setVCoreUp     
   1672e CODE       _SD_error_str       
   15c04 CODE       _SPISetup           
   12006 CODE       _SPI_deactivate     
   15c1a CODE       _SPI_fast           
   11fd2 CODE       _SPI_master_setup   
   11fec CODE       _SPI_slave_setup    
   15c2c CODE       _SPI_slow           
    2846 UDATA0     _SUB_events         
    c5e4 ISR        _SYS_NMI            
   16a20 CODE       _UCA1_BR57600       
   16a8c CODE       _UCA1_Getc          
    c73e ISR        _UCA1_ISR           
    35c4 UDATA0     _UCA1_RxBuf         
    3668 UDATA0     _UCA1_TxBuf         
   16a50 CODE       _UCA1_TxChar        
   16944 CODE       _UCA1_init_UART     
   16aa8 CODE       _UCA1_setup_events  
    c794 ISR        _UCA3_ISR           
    370e UDATA0     _UCA3_RxBuf         
    37b2 UDATA0     _UCA3_TxBuf         
    f34a CONST      ___RAL_ascii_ctype_map
   17398 CODE       ___RAL_ascii_mbtowc 
   173de CODE       ___RAL_ascii_wctomb 
    f524 CONST      ___RAL_c_locale     
    f422 CONST      ___RAL_c_locale_abbrev_day_names
    f496 CONST      ___RAL_c_locale_abbrev_month_names
    f4c7 CONST      ___RAL_c_locale_am_pm_indicator
    f4f2 CONST      ___RAL_c_locale_data
    f4ce CONST      ___RAL_c_locale_date_format
    f4e0 CONST      ___RAL_c_locale_date_time_format
    f3e8 CONST      ___RAL_c_locale_day_names
    f43f CONST      ___RAL_c_locale_month_names
    f4d7 CONST      ___RAL_c_locale_time_format
    f3d8 CONST      ___RAL_codeset_ascii
    f4f1 CONST      ___RAL_data_empty_string
    f4ef CONST      ___RAL_data_utf8_period
    1c2c IDATA0     ___RAL_global_locale
   16ff2 CODE       ___RAL_global_locale_category
    f322 CONST      ___RAL_hex_lc       
    f312 CONST      ___RAL_hex_uc       
   1738a CODE       ___RAL_init_mbstate 
   16f56 CODE       ___RAL_isctype      
   16cf0 CODE       ___RAL_pow10        
   16ecc CODE       ___RAL_pre_padding  
   16eae CODE       ___RAL_print_padding
   11714 CODE       ___RAL_read_tp      
    1c00            ___RAM_Address      
    8000            ___RAM_Size         
    1c00            ___begin_IDATA0     
    385a            ___begin_THREAD     
    1c36            ___begin_UDATA0     
     4c0            ___crt_mpy          
     4d2            ___crt_mpy32h       
     4d0            ___crt_mpy32l       
     4c8            ___crt_op2          
     4e2            ___crt_op2h         
     4e0            ___crt_op2l         
     4e4            ___crt_res0         
     4e6            ___crt_res1         
     4e8            ___crt_res2         
     4ea            ___crt_res3         
     4ca            ___crt_reslo        
   16caa CODE       ___digit            
    1c36            ___end_IDATA0       
    385e            ___end_THREAD       
    385a            ___end_UDATA0       
   16fca CODE       ___errno            
   1764e CODE       ___float32_add      
   17824 CODE       ___float32_div      
   178fe CODE       ___float32_eq       
   17436 CODE       ___float32_isinf    
   17450 CODE       ___float32_isnan    
   178e2 CODE       ___float32_lt       
   1774c CODE       ___float32_mul      
    f52c CONST      ___float32_nan      
   17468 CODE       ___float32_signbit  
   17740 CODE       ___float32_sub      
   1759c CODE       ___float32_to_int64 
    f54e CODE       ___getchar          
   16af2 CODE       ___int16_div        
   16b18 CODE       ___int16_mod        
   16b3e CODE       ___int16_mul        
   16ad0 CODE       ___int32_mul        
   16b54 CODE       ___int64_lsl        
   16b66 CODE       ___int64_lsr        
   10dda CODE       ___printf_lock      
   10df6 CODE       ___printf_unlock    
   16e64 CODE       ___putc             
    f530 CODE       ___putchar          
   16d46 CODE       ___strtoul          
    c70e ISR        ___thunk_ARClib_version_Cmd
    c010 ISR        ___thunk_ARCsearch_Cmd
    c802 ISR        ___thunk___RAL_ascii_mbtowc
    c806 ISR        ___thunk___RAL_ascii_wctomb
    c000 ISR        ___thunk___putchar  
    c00c ISR        ___thunk_addr       
    c70a ISR        ___thunk_asyncProxyCmd
    c72a ISR        ___thunk_clearErrCmd
    c004 ISR        ___thunk_cmd_parse  
    c712 ISR        ___thunk_errReq_Cmd 
    c6ee ISR        ___thunk_err_decode_arcbus
    c008 ISR        ___thunk_example_command
    c6f2 ISR        ___thunk_helpCmd    
    c72e ISR        ___thunk_logCmd     
    c716 ISR        ___thunk_priorityCmd
    c726 ISR        ___thunk_replayCmd  
    c6fa ISR        ___thunk_restCmd    
    c706 ISR        ___thunk_spiCmd     
    c722 ISR        ___thunk_stackCmd   
    c71e ISR        ___thunk_statsCmd   
    c014 ISR        ___thunk_sub_events 
    c6f6 ISR        ___thunk_terminal   
    c6fe ISR        ___thunk_timeCmd    
    c71a ISR        ___thunk_timesliceCmd
    c702 ISR        ___thunk_txCmd      
   16be6 CODE       ___uint16_div       
   16bfe CODE       ___uint16_mod       
   16c06 CODE       ___uint32_div       
   16c10 CODE       ___uint32_divmod    
   16c38 CODE       ___uint32_mod       
   16c46 CODE       ___uint64_div       
   16c6e CODE       ___uint64_divmod    
   16bc6 CODE       ___uint64_mod       
   17478 CODE       ___uint64_to_float32
    1c2a IDATA0     ___ungot            
    3858 UDATA0     ___user_format_extender
    f9ee CODE       ___vfprintf         
    f9ee CODE       ___vfprintf_float_long
   15e8c CODE       __mmc_pins_map      
   143c4 CODE       __record_error      
   16ef6 CODE       _abs                
    f6f2 CODE       _addr               
   1195a CODE       _addr_chk           
    3102 UDATA0     _alarms             
    2848 UDATA0     _arcBus_stat        
   154a2 CODE       _asyncProxyCmd      
   13050 CODE       _async_Getc         
   1300c CODE       _async_TxChar       
    1c16 IDATA0     _async_addr         
   12efc CODE       _async_close        
   12f78 CODE       _async_close_remote 
   12de8 CODE       _async_isOpen       
   12dee CODE       _async_open         
   12e6a CODE       _async_open_remote  
    30e6 UDATA0     _async_rxQ          
   12fa6 CODE       _async_send_data    
   130a0 CODE       _async_setup_close_event
   13078 CODE       _async_setup_events 
    1c18 IDATA0     _async_timer        
    30f4 UDATA0     _async_txQ          
   16f06 CODE       _atoi               
   16f2c CODE       _atol               
    2eb4 UDATA0     _buffer_mutex       
    e602 CONST      _busAddrSym         
    c020 ISR        _bus_I2C_isr        
    c45c ISR        _bus_SPI_isr        
   13e6c CODE       _bus_flags_tostr    
    c468 ISR        _bus_int            
    c59e ISR        _bus_resend         
   13e8c CODE       _bus_version_err_tostr
   15b5a CODE       _clearErrCmd        
   14648 CODE       _clear_saved_errors 
    1c1a IDATA0     _closed_event       
    1c1c IDATA0     _closed_flag        
    f554 CODE       _cmd_parse          
    1c36 UDATA0     _cmd_parse_evt      
    1c12 IDATA0     _cmd_parse_list     
    c830 CONST      _cmd_tbl            
   11f5e CODE       _crc16              
   11f2c CODE       _crc7               
    23dc UDATA0     _crc_mutex          
   111f4 CODE       _ctl_byte_queue_init
   11254 CODE       _ctl_byte_queue_num_used
   1160e CODE       _ctl_byte_queue_post
   11388 CODE       _ctl_byte_queue_post_multi
   1152e CODE       _ctl_byte_queue_post_multi_nb
   11662 CODE       _ctl_byte_queue_post_nb
   1163c CODE       _ctl_byte_queue_receive
   11460 CODE       _ctl_byte_queue_receive_multi
   1159e CODE       _ctl_byte_queue_receive_multi_nb
   1167c CODE       _ctl_byte_queue_receive_nb
   1121e CODE       _ctl_byte_queue_setup_events
    2350 UDATA0     _ctl_current_time   
   1173e CODE       _ctl_enter_isr      
   10e0a CODE       _ctl_events_init    
   10f9e CODE       _ctl_events_set_clear
   10e1e CODE       _ctl_events_wait    
   11772 CODE       _ctl_exit_isr       
   10dc2 CODE       _ctl_get_current_time
   117aa CODE       _ctl_global_interrupts_set
   13470 CODE       _ctl_handle_error   
   10d48 CODE       _ctl_increment_tick_from_isr
    2355 UDATA0     _ctl_interrupt_count
    234c UDATA0     _ctl_last_schedule_time
    1c06 IDATA0     _ctl_libc_mutex     
   10ffe CODE       _ctl_mutex_init     
   1102a CODE       _ctl_mutex_lock     
   11016 CODE       _ctl_mutex_lock_uc  
   1112e CODE       _ctl_mutex_unlock   
   10a78 CODE       _ctl_private_add_to_task_list
   10f1a CODE       _ctl_private_events_schedule
   11690 CODE       _ctl_private_get_stack_start
   11696 CODE       _ctl_private_get_thread_local_storage
   1169c CODE       _ctl_private_init_registers
   116fe CODE       _ctl_private_init_thread_local_storage
   10ac6 CODE       _ctl_private_remove_from_task_list
   10b00 CODE       _ctl_private_reschedule
   11722 CODE       _ctl_private_reschedule_from_api_call
    2354 UDATA0     _ctl_reschedule_on_last_isr_exit
   10ca0 CODE       _ctl_task_die       
    2356 UDATA0     _ctl_task_executing 
   10bd8 CODE       _ctl_task_init      
    2358 UDATA0     _ctl_task_list      
   10c14 CODE       _ctl_task_run       
   10cc8 CODE       _ctl_task_set_priority
    234a UDATA0     _ctl_task_switch_callout
    1c04 IDATA0     _ctl_time_increment 
   10d06 CODE       _ctl_timeout_wait   
    1c00 IDATA0     _ctl_timeslice_period
   14ca8 CODE       _doCmd              
   155ea CODE       _errReq_Cmd         
   13482 CODE       _err_decode_arcbus  
   14544 CODE       _err_do_decode      
   1419c CODE       _err_register_handler
   14254 CODE       _error_init         
   146a0 CODE       _error_log_mem_replay
   1489c CODE       _error_log_replay   
   142b4 CODE       _error_recording_start
    f66e CODE       _example_command    
   17be6 CODE       _fabsf              
   179a4 CODE       _floor              
   179a4 CODE       _floorf             
   17a74 CODE       _fmod               
   17a74 CODE       _fmodf              
   17c28 CODE       _frexp              
   1507c CODE       _getI2C_addr        
   143be CODE       _get_error_level    
   11f92 CODE       _get_ticker_time    
   16fd4 CODE       _getchar            
   14bf6 CODE       _helpCmd            
    23fa UDATA0     _helper_stack       
   14d38 CODE       _hist_decr          
   14d2c CODE       _hist_incr          
    282a UDATA0     _idle_task          
    f980 CODE       _img_make_beacon    
   12166 CODE       _initARCbus         
   12016 CODE       _initCLK            
   1207c CODE       _initSVS            
   12060 CODE       _init_timerA        
   16fb8 CODE       _iscntrl            
   16f98 CODE       _isdigit            
   16f86 CODE       _islower            
   16fa8 CODE       _isspace            
   16f74 CODE       _isupper            
   17bec CODE       _ldexp              
   15b7e CODE       _logCmd             
    f578 CODE       _main               
   12d4e CODE       _mainLoop           
   13f40 CODE       _main_return        
   14b8c CODE       _make_args          
   17406 CODE       _memcpy             
   17416 CODE       _memset             
   16656 CODE       _mmcErase           
   15f24 CODE       _mmcGoIdle          
   15f10 CODE       _mmcInit_card       
   15eae CODE       _mmcInit_msp        
   15e30 CODE       _mmcLock            
   15ec0 CODE       _mmcReInit_card     
   16402 CODE       _mmcReadBlock       
   165e4 CODE       _mmcSendCmd         
    1c22 IDATA0     _mmcStat            
   15df4 CODE       _mmcUnlock          
   164ea CODE       _mmcWriteBlock      
    c732 ISR        _mmc_ISR            
   1627c CODE       _mmc_R1             
   162f4 CODE       _mmc_R1b            
   162b8 CODE       _mmc_R2             
   1633a CODE       _mmc_dat_resp       
   15dd8 CODE       _mmc_is_init        
   15e68 CODE       _mmc_pins_on        
   163cc CODE       _mmc_token          
   1790e CODE       _modff              
    3122 UDATA0     _next_idx           
   159f4 CODE       _parse_log_level    
    1c10 IDATA0     _powerState         
   145cc CODE       _print_error        
   170c2 CODE       _printf             
   157aa CODE       _priorityCmd        
   170fe CODE       _puts               
   12264 CODE       _readTA1            
   1446e CODE       _record_error       
   15ace CODE       _replayCmd          
   1461a CODE       _report_error       
   13f0e CODE       _reset_bor          
   15146 CODE       _restCmd            
    2eba UDATA0     _rxbuf              
    3112 UDATA0     _saved_error        
   143b2 CODE       _set_error_level    
   11faa CODE       _setget_ticker_time 
   15390 CODE       _spiCmd             
   15c5a CODE       _spiDummyClk        
   15c76 CODE       _spiReadFrame       
   15c3c CODE       _spiSendByte        
   15d2e CODE       _spiSendFrame       
   17138 CODE       _sprintf            
    2154 UDATA0     _stack1             
    1d68 UDATA0     _stack2             
    1c38 UDATA0     _stack3             
   159aa CODE       _stackCmd           
   12074 CODE       _start_timerA       
   13f54 CODE       _startup_error_check
    233c UDATA0     _stat_mutex         
   158c6 CODE       _stateName          
   15948 CODE       _statsCmd           
    2342 UDATA0     _status             
   17168 CODE       _strcmp             
   17188 CODE       _strcpy             
   171cc CODE       _strlcpy            
   17426 CODE       _strlen             
   1719e CODE       _strncmp            
   17210 CODE       _strnlen            
   1722a CODE       _strtol             
   172d6 CODE       _strtoul            
    f8ba CODE       _sub_events         
    c564 ISR        _task_tick          
    22e8 UDATA0     _tasks              
   14d44 CODE       _terminal           
    23e2 UDATA0     _ticker_time        
   151fc CODE       _timeCmd            
   1585e CODE       _timesliceCmd       
   15212 CODE       _txCmd              
    2fe6 UDATA0     _txbuf              
    d14a CONST      thread_init_begin   
    d14e CONST      thread_init_end     


SYMBOLS BY VALUE

      80            CTL_IRQ_STACK_SIZE  
     4c0            ___crt_mpy          
     4c8            ___crt_op2          
     4ca            ___crt_reslo        
     4d0            ___crt_mpy32l       
     4d2            ___crt_mpy32h       
     4e0            ___crt_op2l         
     4e2            ___crt_op2h         
     4e4            ___crt_res0         
     4e6            ___crt_res1         
     4e8            ___crt_res2         
     4ea            ___crt_res3         
    1c00            ___begin_IDATA0     
    1c00            ___RAM_Address      
    1c00 IDATA0     _ctl_timeslice_period
    1c04 IDATA0     _ctl_time_increment 
    1c06 IDATA0     _ctl_libc_mutex     
    1c10 IDATA0     _powerState         
    1c12 IDATA0     _cmd_parse_list     
    1c16 IDATA0     _async_addr         
    1c18 IDATA0     _async_timer        
    1c1a IDATA0     _closed_event       
    1c1c IDATA0     _closed_flag        
    1c22 IDATA0     _mmcStat            
    1c2a IDATA0     ___ungot            
    1c2c IDATA0     ___RAL_global_locale
    1c36            ___begin_UDATA0     
    1c36            ___end_IDATA0       
    1c36 UDATA0     _cmd_parse_evt      
    1c38 UDATA0     _stack3             
    1d68 UDATA0     _stack2             
    2154 UDATA0     _stack1             
    22e8 UDATA0     _tasks              
    233c UDATA0     _stat_mutex         
    2342 UDATA0     _status             
    234a UDATA0     _ctl_task_switch_callout
    234c UDATA0     _ctl_last_schedule_time
    2350 UDATA0     _ctl_current_time   
    2354 UDATA0     _ctl_reschedule_on_last_isr_exit
    2355 UDATA0     _ctl_interrupt_count
    2356 UDATA0     _ctl_task_executing 
    2358 UDATA0     _ctl_task_list      
    23dc UDATA0     _crc_mutex          
    23e2 UDATA0     _ticker_time        
    23fa UDATA0     _helper_stack       
    25ee UDATA0     _ARC_bus_helper_task
    260a UDATA0     _BUS_INT_events     
    260c UDATA0     _BUS_helper_events  
    260e UDATA0     _BUS_stack          
    280e UDATA0     _ARC_bus_task       
    282a UDATA0     _idle_task          
    2846 UDATA0     _SUB_events         
    2848 UDATA0     _arcBus_stat        
    286a UDATA0     _I2C_rx_out         
    286c UDATA0     _I2C_rx_in          
    286e UDATA0     _I2C_rx_buf         
    2aae UDATA0     _DMA_events         
    2eb4 UDATA0     _buffer_mutex       
    2eba UDATA0     _rxbuf              
    2fe6 UDATA0     _txbuf              
    30e6 UDATA0     _async_rxQ          
    30f4 UDATA0     _async_txQ          
    3102 UDATA0     _alarms             
    3112 UDATA0     _saved_error        
    3122 UDATA0     _next_idx           
    35c4 UDATA0     _UCA1_RxBuf         
    3668 UDATA0     _UCA1_TxBuf         
    370e UDATA0     _UCA3_RxBuf         
    37b2 UDATA0     _UCA3_TxBuf         
    3858 UDATA0     ___user_format_extender
    385a            ___begin_THREAD     
    385a THREAD     _BUS_thread_addr_flags
    385a            ___end_UDATA0       
    385e            ___end_THREAD       
    8000            ___RAM_Size         
    c000 ISR        ___thunk___putchar  
    c004 ISR        ___thunk_cmd_parse  
    c008 ISR        ___thunk_example_command
    c00c ISR        ___thunk_addr       
    c010 ISR        ___thunk_ARCsearch_Cmd
    c014 ISR        ___thunk_sub_events 
    c020 ISR        _bus_I2C_isr        
    c45c ISR        _bus_SPI_isr        
    c468 ISR        _bus_int            
    c51e ISR        _DMA_int            
    c564 ISR        _task_tick          
    c59e ISR        _bus_resend         
    c5e4 ISR        _SYS_NMI            
    c6ee ISR        ___thunk_err_decode_arcbus
    c6f2 ISR        ___thunk_helpCmd    
    c6f6 ISR        ___thunk_terminal   
    c6fa ISR        ___thunk_restCmd    
    c6fe ISR        ___thunk_timeCmd    
    c702 ISR        ___thunk_txCmd      
    c706 ISR        ___thunk_spiCmd     
    c70a ISR        ___thunk_asyncProxyCmd
    c70e ISR        ___thunk_ARClib_version_Cmd
    c712 ISR        ___thunk_errReq_Cmd 
    c716 ISR        ___thunk_priorityCmd
    c71a ISR        ___thunk_timesliceCmd
    c71e ISR        ___thunk_statsCmd   
    c722 ISR        ___thunk_stackCmd   
    c726 ISR        ___thunk_replayCmd  
    c72a ISR        ___thunk_clearErrCmd
    c72e ISR        ___thunk_logCmd     
    c732 ISR        _mmc_ISR            
    c73e ISR        _UCA1_ISR           
    c794 ISR        _UCA3_ISR           
    c802 ISR        ___thunk___RAL_ascii_mbtowc
    c806 ISR        ___thunk___RAL_ascii_wctomb
    c830 CONST      _cmd_tbl            
    d0f1 CONST      _ARClib_version     
    d104 CONST      _ARClib_vstruct     
    d14a CONST      thread_init_begin   
    d14e CONST      thread_init_end     
    e602 CONST      _busAddrSym         
    f312 CONST      ___RAL_hex_uc       
    f322 CONST      ___RAL_hex_lc       
    f34a CONST      ___RAL_ascii_ctype_map
    f3d8 CONST      ___RAL_codeset_ascii
    f3e8 CONST      ___RAL_c_locale_day_names
    f422 CONST      ___RAL_c_locale_abbrev_day_names
    f43f CONST      ___RAL_c_locale_month_names
    f496 CONST      ___RAL_c_locale_abbrev_month_names
    f4c7 CONST      ___RAL_c_locale_am_pm_indicator
    f4ce CONST      ___RAL_c_locale_date_format
    f4d7 CONST      ___RAL_c_locale_time_format
    f4e0 CONST      ___RAL_c_locale_date_time_format
    f4ef CONST      ___RAL_data_utf8_period
    f4f1 CONST      ___RAL_data_empty_string
    f4f2 CONST      ___RAL_c_locale_data
    f524 CONST      ___RAL_c_locale     
    f52c CONST      ___float32_nan      
    f530 CODE       ___putchar          
    f54e CODE       ___getchar          
    f554 CODE       _cmd_parse          
    f578 CODE       _main               
    f66e CODE       _example_command    
    f6f2 CODE       _addr               
    f804 CODE       _ARCsearch_Cmd      
    f8ba CODE       _sub_events         
    f980 CODE       _img_make_beacon    
    f9ee CODE       ___vfprintf         
    f9ee CODE       ___vfprintf_float_long
   10a78 CODE       _ctl_private_add_to_task_list
   10ac6 CODE       _ctl_private_remove_from_task_list
   10b00 CODE       _ctl_private_reschedule
   10bd8 CODE       _ctl_task_init      
   10c14 CODE       _ctl_task_run       
   10ca0 CODE       _ctl_task_die       
   10cc8 CODE       _ctl_task_set_priority
   10d06 CODE       _ctl_timeout_wait   
   10d48 CODE       _ctl_increment_tick_from_isr
   10dc2 CODE       _ctl_get_current_time
   10dda CODE       ___printf_lock      
   10df6 CODE       ___printf_unlock    
   10e0a CODE       _ctl_events_init    
   10e1e CODE       _ctl_events_wait    
   10f1a CODE       _ctl_private_events_schedule
   10f9e CODE       _ctl_events_set_clear
   10ffe CODE       _ctl_mutex_init     
   11016 CODE       _ctl_mutex_lock_uc  
   1102a CODE       _ctl_mutex_lock     
   1112e CODE       _ctl_mutex_unlock   
   111f4 CODE       _ctl_byte_queue_init
   1121e CODE       _ctl_byte_queue_setup_events
   11254 CODE       _ctl_byte_queue_num_used
   11388 CODE       _ctl_byte_queue_post_multi
   11460 CODE       _ctl_byte_queue_receive_multi
   1152e CODE       _ctl_byte_queue_post_multi_nb
   1159e CODE       _ctl_byte_queue_receive_multi_nb
   1160e CODE       _ctl_byte_queue_post
   1163c CODE       _ctl_byte_queue_receive
   11662 CODE       _ctl_byte_queue_post_nb
   1167c CODE       _ctl_byte_queue_receive_nb
   11690 CODE       _ctl_private_get_stack_start
   11696 CODE       _ctl_private_get_thread_local_storage
   1169c CODE       _ctl_private_init_registers
   116fe CODE       _ctl_private_init_thread_local_storage
   11714 CODE       ___RAL_read_tp      
   11722 CODE       _ctl_private_reschedule_from_api_call
   1173e CODE       _ctl_enter_isr      
   11772 CODE       _ctl_exit_isr       
   117aa CODE       _ctl_global_interrupts_set
   117c2 CODE       _BUS_get_OA         
   1183e CODE       _BUS_flags_to_addr  
   118b4 CODE       _BUS_addr_to_flags  
   1190a CODE       _BUS_cmd_init       
   11924 CODE       _BUS_OA_check       
   1195a CODE       _addr_chk           
   11986 CODE       _BUS_I2C_release    
   11a22 CODE       _BUS_cmd_tx         
   11cba CODE       _BUS_SPI_txrx       
   11f2c CODE       _crc7               
   11f5e CODE       _crc16              
   11f92 CODE       _get_ticker_time    
   11faa CODE       _setget_ticker_time 
   11fd2 CODE       _SPI_master_setup   
   11fec CODE       _SPI_slave_setup    
   12006 CODE       _SPI_deactivate     
   12016 CODE       _initCLK            
   12060 CODE       _init_timerA        
   12074 CODE       _start_timerA       
   1207c CODE       _initSVS            
   120d2 CODE       _ARC_setup          
   12166 CODE       _initARCbus         
   12264 CODE       _readTA1            
   12d4e CODE       _mainLoop           
   12d98 CODE       _BUS_init_buffer    
   12da2 CODE       _BUS_get_buffer_size
   12da8 CODE       _BUS_get_buffer     
   12dd0 CODE       _BUS_free_buffer    
   12dda CODE       _BUS_free_buffer_from_event
   12de8 CODE       _async_isOpen       
   12dee CODE       _async_open         
   12e6a CODE       _async_open_remote  
   12efc CODE       _async_close        
   12f78 CODE       _async_close_remote 
   12fa6 CODE       _async_send_data    
   1300c CODE       _async_TxChar       
   13050 CODE       _async_Getc         
   13078 CODE       _async_setup_events 
   130a0 CODE       _async_setup_close_event
   130aa CODE       _BUS_alarm_is_free  
   130d2 CODE       _BUS_get_alarm_time 
   13108 CODE       _BUS_free_alarm     
   13120 CODE       _BUS_timer_timeout_check
   13174 CODE       _BUS_alarm_ticker_update
   1327c CODE       _PMM_setVCoreUp     
   13376 CODE       _PMM_setVCoreDown   
   13430 CODE       _PMM_setVCore       
   13470 CODE       _ctl_handle_error   
   13482 CODE       _err_decode_arcbus  
   13b6a CODE       _BUS_error_str      
   13c3a CODE       _BUS_cmdtostr       
   13de6 CODE       _BUS_cmd_resptostr  
   13e6c CODE       _bus_flags_tostr    
   13e8c CODE       _bus_version_err_tostr
   13f0e CODE       _reset_bor          
   13f40 CODE       _main_return        
   13f54 CODE       _startup_error_check
   1419c CODE       _err_register_handler
   14254 CODE       _error_init         
   142b4 CODE       _error_recording_start
   143b2 CODE       _set_error_level    
   143be CODE       _get_error_level    
   143c4 CODE       __record_error      
   1446e CODE       _record_error       
   14506 CODE       _ERR_lev_str        
   14544 CODE       _err_do_decode      
   145cc CODE       _print_error        
   1461a CODE       _report_error       
   14648 CODE       _clear_saved_errors 
   146a0 CODE       _error_log_mem_replay
   1489c CODE       _error_log_replay   
   14b8c CODE       _make_args          
   14bf6 CODE       _helpCmd            
   14ca8 CODE       _doCmd              
   14d2c CODE       _hist_incr          
   14d38 CODE       _hist_decr          
   14d44 CODE       _terminal           
   14ffc CODE       _I2C_addr_lookup    
   15044 CODE       _I2C_addr_revlookup 
   1507c CODE       _getI2C_addr        
   15146 CODE       _restCmd            
   151fc CODE       _timeCmd            
   15212 CODE       _txCmd              
   15390 CODE       _spiCmd             
   154a2 CODE       _asyncProxyCmd      
   155d8 CODE       _ARClib_version_Cmd 
   155ea CODE       _errReq_Cmd         
   157aa CODE       _priorityCmd        
   1585e CODE       _timesliceCmd       
   158c6 CODE       _stateName          
   15948 CODE       _statsCmd           
   159aa CODE       _stackCmd           
   159f4 CODE       _parse_log_level    
   15ace CODE       _replayCmd          
   15b5a CODE       _clearErrCmd        
   15b7e CODE       _logCmd             
   15c04 CODE       _SPISetup           
   15c1a CODE       _SPI_fast           
   15c2c CODE       _SPI_slow           
   15c3c CODE       _spiSendByte        
   15c5a CODE       _spiDummyClk        
   15c76 CODE       _spiReadFrame       
   15d2e CODE       _spiSendFrame       
   15dd8 CODE       _mmc_is_init        
   15df4 CODE       _mmcUnlock          
   15e30 CODE       _mmcLock            
   15e68 CODE       _mmc_pins_on        
   15e8c CODE       __mmc_pins_map      
   15eae CODE       _mmcInit_msp        
   15ec0 CODE       _mmcReInit_card     
   15f10 CODE       _mmcInit_card       
   15f24 CODE       _mmcGoIdle          
   1627c CODE       _mmc_R1             
   162b8 CODE       _mmc_R2             
   162f4 CODE       _mmc_R1b            
   1633a CODE       _mmc_dat_resp       
   163cc CODE       _mmc_token          
   16402 CODE       _mmcReadBlock       
   164ea CODE       _mmcWriteBlock      
   165e4 CODE       _mmcSendCmd         
   16656 CODE       _mmcErase           
   1672e CODE       _SD_error_str       
   16944 CODE       _UCA1_init_UART     
   16a20 CODE       _UCA1_BR57600       
   16a50 CODE       _UCA1_TxChar        
   16a8c CODE       _UCA1_Getc          
   16aa8 CODE       _UCA1_setup_events  
   16ad0 CODE       ___int32_mul        
   16af2 CODE       ___int16_div        
   16b18 CODE       ___int16_mod        
   16b3e CODE       ___int16_mul        
   16b54 CODE       ___int64_lsl        
   16b66 CODE       ___int64_lsr        
   16bc6 CODE       ___uint64_mod       
   16be6 CODE       ___uint16_div       
   16bfe CODE       ___uint16_mod       
   16c06 CODE       ___uint32_div       
   16c10 CODE       ___uint32_divmod    
   16c38 CODE       ___uint32_mod       
   16c46 CODE       ___uint64_div       
   16c6e CODE       ___uint64_divmod    
   16caa CODE       ___digit            
   16cf0 CODE       ___RAL_pow10        
   16d46 CODE       ___strtoul          
   16e64 CODE       ___putc             
   16eae CODE       ___RAL_print_padding
   16ecc CODE       ___RAL_pre_padding  
   16ef6 CODE       _abs                
   16f06 CODE       _atoi               
   16f2c CODE       _atol               
   16f56 CODE       ___RAL_isctype      
   16f74 CODE       _isupper            
   16f86 CODE       _islower            
   16f98 CODE       _isdigit            
   16fa8 CODE       _isspace            
   16fb8 CODE       _iscntrl            
   16fca CODE       ___errno            
   16fd4 CODE       _getchar            
   16ff2 CODE       ___RAL_global_locale_category
   170c2 CODE       _printf             
   170fe CODE       _puts               
   17138 CODE       _sprintf            
   17168 CODE       _strcmp             
   17188 CODE       _strcpy             
   1719e CODE       _strncmp            
   171cc CODE       _strlcpy            
   17210 CODE       _strnlen            
   1722a CODE       _strtol             
   172d6 CODE       _strtoul            
   1738a CODE       ___RAL_init_mbstate 
   17398 CODE       ___RAL_ascii_mbtowc 
   173de CODE       ___RAL_ascii_wctomb 
   17406 CODE       _memcpy             
   17416 CODE       _memset             
   17426 CODE       _strlen             
   17436 CODE       ___float32_isinf    
   17450 CODE       ___float32_isnan    
   17468 CODE       ___float32_signbit  
   17478 CODE       ___uint64_to_float32
   1759c CODE       ___float32_to_int64 
   1764e CODE       ___float32_add      
   17740 CODE       ___float32_sub      
   1774c CODE       ___float32_mul      
   17824 CODE       ___float32_div      
   178e2 CODE       ___float32_lt       
   178fe CODE       ___float32_eq       
   1790e CODE       _modff              
   179a4 CODE       _floor              
   179a4 CODE       _floorf             
   17a74 CODE       _fmod               
   17a74 CODE       _fmodf              
   17be6 CODE       _fabsf              
   17bec CODE       _ldexp              
   17c28 CODE       _frexp              
