
SYMBOLS BY NAME

      80            CTL_IRQ_STACK_SIZE  
    36f8 UDATA0     _ARC_bus_helper_task
    3918 UDATA0     _ARC_bus_task       
   1124c CODE       _ARC_setup          
    ce68 CONST      _ARClib_vstruct     
    e8fc CODE       _Adafruit_VC0706_TVoff
    e8ce CODE       _Adafruit_VC0706_TVon
    e8b6 CODE       _Adafruit_VC0706_init
    e9ae CODE       _Adafruit_VC0706_readResponse
    e92a CODE       _Adafruit_VC0706_runCommand
    e978 CODE       _Adafruit_VC0706_sendCommand
    e9f8 CODE       _Adafruit_VC0706_verifyResponse
   10b00 CODE       _BUS_I2C_release    
    3714 UDATA0     _BUS_INT_events     
   10a9e CODE       _BUS_OA_check       
   10e34 CODE       _BUS_SPI_txrx       
   10a2e CODE       _BUS_addr_to_flags  
   12248 CODE       _BUS_alarm_is_free  
   12312 CODE       _BUS_alarm_ticker_update
   10a84 CODE       _BUS_cmd_init       
   12f84 CODE       _BUS_cmd_resptostr  
   10b9c CODE       _BUS_cmd_tx         
   12dd8 CODE       _BUS_cmdtostr       
   12d08 CODE       _BUS_error_str      
   109b8 CODE       _BUS_flags_to_addr  
   122a6 CODE       _BUS_free_alarm     
   11f6e CODE       _BUS_free_buffer    
   11f78 CODE       _BUS_free_buffer_from_event
   1093c CODE       _BUS_get_OA         
   12270 CODE       _BUS_get_alarm_time 
   11f46 CODE       _BUS_get_buffer     
   11f40 CODE       _BUS_get_buffer_size
    3716 UDATA0     _BUS_helper_events  
   11f36 CODE       _BUS_init_buffer    
   113e6 CODE       _BUS_restart_interrupts
    3718 UDATA0     _BUS_stack          
   113de CODE       _BUS_stop_interrupts
    4964 THREAD     _BUS_thread_addr_flags
   122be CODE       _BUS_timer_timeout_check
    3bb8 UDATA0     _DMA_events         
    c522 ISR        _DMA_int            
   13d2c CODE       _I2C_addr_lookup    
   13d74 CODE       _I2C_addr_revlookup 
    3978 UDATA0     _I2C_rx_buf         
    3976 UDATA0     _I2C_rx_in          
    3974 UDATA0     _I2C_rx_out         
   125ce CODE       _PMM_setVCore       
   12514 CODE       _PMM_setVCoreDown   
   1241a CODE       _PMM_setVCoreUp     
   13e76 CODE       _SPISetup           
   11180 CODE       _SPI_deactivate     
   13e8c CODE       _SPI_fast           
   1114c CODE       _SPI_master_setup   
   11166 CODE       _SPI_slave_setup    
   13e9e CODE       _SPI_slow           
    3950 UDATA0     _SUB_events         
    c5e8 ISR        _SYS_NMI            
   1496e CODE       _UCA1_BR38400       
   149f6 CODE       _UCA1_CheckKey      
   149da CODE       _UCA1_Getc          
    c70a ISR        _UCA1_ISR           
    46ce UDATA0     _UCA1_RxBuf         
    4772 UDATA0     _UCA1_TxBuf         
   1499e CODE       _UCA1_TxChar        
   14892 CODE       _UCA1_init_UART     
   14a12 CODE       _UCA1_setup_events  
   14b26 CODE       _UCA3_BR57600       
   14b92 CODE       _UCA3_Getc          
    c760 ISR        _UCA3_ISR           
    4818 UDATA0     _UCA3_RxBuf         
    48bc UDATA0     _UCA3_TxBuf         
   14b56 CODE       _UCA3_TxChar        
   14a4a CODE       _UCA3_init_UART     
    e630 CODE       _VidOff             
    e606 CODE       _VidOn              
    e2fa CONST      ___RAL_ascii_ctype_map
   1536a CODE       ___RAL_ascii_mbtowc 
   153b0 CODE       ___RAL_ascii_wctomb 
    e4d4 CONST      ___RAL_c_locale     
    e3d2 CONST      ___RAL_c_locale_abbrev_day_names
    e446 CONST      ___RAL_c_locale_abbrev_month_names
    e477 CONST      ___RAL_c_locale_am_pm_indicator
    e4a2 CONST      ___RAL_c_locale_data
    e47e CONST      ___RAL_c_locale_date_format
    e490 CONST      ___RAL_c_locale_date_time_format
    e398 CONST      ___RAL_c_locale_day_names
    e3ef CONST      ___RAL_c_locale_month_names
    e487 CONST      ___RAL_c_locale_time_format
    e388 CONST      ___RAL_codeset_ascii
    e4a1 CONST      ___RAL_data_empty_string
    e49f CONST      ___RAL_data_utf8_period
    1c2c IDATA0     ___RAL_global_locale
   150a6 CODE       ___RAL_global_locale_category
    e2d1 CONST      ___RAL_hex_lc       
    e2c1 CONST      ___RAL_hex_uc       
   1535c CODE       ___RAL_init_mbstate 
   1500a CODE       ___RAL_isctype      
   14dce CODE       ___RAL_pow10        
   14faa CODE       ___RAL_pre_padding  
   14f8c CODE       ___RAL_print_padding
   1088e CODE       ___RAL_read_tp      
    1c00            ___RAM_Address      
    8000            ___RAM_Size         
    1c00            ___begin_IDATA0     
    4964            ___begin_THREAD     
    1c36            ___begin_UDATA0     
     4c0            ___crt_mpy          
     4d2            ___crt_mpy32h       
     4d0            ___crt_mpy32l       
     4c8            ___crt_op2          
     4e2            ___crt_op2h         
     4e0            ___crt_op2l         
     4e4            ___crt_res0         
     4e6            ___crt_res1         
     4e8            ___crt_res2         
     4ea            ___crt_res3         
     4ca            ___crt_reslo        
   14d88 CODE       ___digit            
    1c36            ___end_IDATA0       
    4968            ___end_THREAD       
    4964            ___end_UDATA0       
   1507e CODE       ___errno            
   15620 CODE       ___float32_add      
   157f6 CODE       ___float32_div      
   158d0 CODE       ___float32_eq       
   15408 CODE       ___float32_isinf    
   15422 CODE       ___float32_isnan    
   158b4 CODE       ___float32_lt       
   1571e CODE       ___float32_mul      
    e4dc CONST      ___float32_nan      
   1543a CODE       ___float32_signbit  
   15712 CODE       ___float32_sub      
   1556e CODE       ___float32_to_int64 
    e4f0 CODE       ___getchar          
   14bd0 CODE       ___int16_div        
   14bf6 CODE       ___int16_mod        
   14c1c CODE       ___int16_mul        
   14bae CODE       ___int32_mul        
   14c32 CODE       ___int64_lsl        
   14c44 CODE       ___int64_lsr        
    fece CODE       ___printf_lock      
    feea CODE       ___printf_unlock    
   14f42 CODE       ___putc             
    e4e0 CODE       ___putchar          
   14e24 CODE       ___strtoul          
    c00c ISR        ___thunk_VidOff     
    c008 ISR        ___thunk_VidOn      
    c7ce ISR        ___thunk___RAL_ascii_mbtowc
    c7d2 ISR        ___thunk___RAL_ascii_wctomb
    c000 ISR        ___thunk___putchar  
    c010 ISR        ___thunk_addr       
    c014 ISR        ___thunk_asyncProxyCmd
    c6f2 ISR        ___thunk_err_decode_arcbus
    c004 ISR        ___thunk_example_command
    c6f6 ISR        ___thunk_helpCmd    
    c018 ISR        ___thunk_sub_events 
    c6fa ISR        ___thunk_terminal   
   14cc4 CODE       ___uint16_div       
   14cdc CODE       ___uint16_mod       
   14ce4 CODE       ___uint32_div       
   14cee CODE       ___uint32_divmod    
   14d16 CODE       ___uint32_mod       
   14d24 CODE       ___uint64_div       
   14d4c CODE       ___uint64_divmod    
   14ca4 CODE       ___uint64_mod       
   1544a CODE       ___uint64_to_float32
    1c2a IDATA0     ___ungot            
    4962 UDATA0     ___user_format_extender
    eb66 CODE       ___vfprintf         
    eb66 CODE       ___vfprintf_float_long
   140fe CODE       __mmc_pins_map      
   13550 CODE       __record_error      
   14fd4 CODE       _abs                
    e6a2 CODE       _addr               
   10ad4 CODE       _addr_chk           
    420c UDATA0     _alarms             
    3952 UDATA0     _arcBus_stat        
    e780 CODE       _asyncProxyCmd      
   121ee CODE       _async_Getc         
   121aa CODE       _async_TxChar       
    1c16 IDATA0     _async_addr         
   1209a CODE       _async_close        
   12116 CODE       _async_close_remote 
   11f86 CODE       _async_isOpen       
   11f8c CODE       _async_open         
   12008 CODE       _async_open_remote  
    41f0 UDATA0     _async_rxQ          
   12144 CODE       _async_send_data    
   1223e CODE       _async_setup_close_event
   12216 CODE       _async_setup_events 
    1c18 IDATA0     _async_timer        
    41fe UDATA0     _async_txQ          
   14fe4 CODE       _atoi               
    33df UDATA0     _bufferLen          
    3fbe UDATA0     _buffer_mutex       
    e1e4 CONST      _busAddrSym         
    c024 ISR        _bus_I2C_isr        
    c460 ISR        _bus_SPI_isr        
   1300a CODE       _bus_flags_tostr    
    c46c ISR        _bus_int            
    c5a2 ISR        _bus_resend         
   1302a CODE       _bus_version_err_tostr
    33e0 UDATA0     _camerabuff         
    1c1a IDATA0     _closed_event       
    1c1c IDATA0     _closed_flag        
    1c12 IDATA0     _cmd_parse_list     
    c80c CONST      _cmd_tbl            
   110d8 CODE       _crc16              
   110a6 CODE       _crc7               
    34e6 UDATA0     _crc_mutex          
   1036e CODE       _ctl_byte_queue_init
   103ce CODE       _ctl_byte_queue_num_used
   10788 CODE       _ctl_byte_queue_post
   10502 CODE       _ctl_byte_queue_post_multi
   106a8 CODE       _ctl_byte_queue_post_multi_nb
   107dc CODE       _ctl_byte_queue_post_nb
   107b6 CODE       _ctl_byte_queue_receive
   105da CODE       _ctl_byte_queue_receive_multi
   10718 CODE       _ctl_byte_queue_receive_multi_nb
   107f6 CODE       _ctl_byte_queue_receive_nb
   10398 CODE       _ctl_byte_queue_setup_events
    345a UDATA0     _ctl_current_time   
   108b8 CODE       _ctl_enter_isr      
    fefe CODE       _ctl_events_init    
   10118 CODE       _ctl_events_set_clear
    ff12 CODE       _ctl_events_wait    
   108ec CODE       _ctl_exit_isr       
    feb6 CODE       _ctl_get_current_time
   10924 CODE       _ctl_global_interrupts_set
   1260e CODE       _ctl_handle_error   
    fe3c CODE       _ctl_increment_tick_from_isr
    345f UDATA0     _ctl_interrupt_count
    3456 UDATA0     _ctl_last_schedule_time
    1c06 IDATA0     _ctl_libc_mutex     
   10178 CODE       _ctl_mutex_init     
   101a4 CODE       _ctl_mutex_lock     
   10190 CODE       _ctl_mutex_lock_uc  
   102a8 CODE       _ctl_mutex_unlock   
    fb6c CODE       _ctl_private_add_to_task_list
   10094 CODE       _ctl_private_events_schedule
   1080a CODE       _ctl_private_get_stack_start
   10810 CODE       _ctl_private_get_thread_local_storage
   10816 CODE       _ctl_private_init_registers
   10878 CODE       _ctl_private_init_thread_local_storage
    fbba CODE       _ctl_private_remove_from_task_list
    fbf4 CODE       _ctl_private_reschedule
   1089c CODE       _ctl_private_reschedule_from_api_call
    345e UDATA0     _ctl_reschedule_on_last_isr_exit
    fd94 CODE       _ctl_task_die       
    3460 UDATA0     _ctl_task_executing 
    fccc CODE       _ctl_task_init      
    3462 UDATA0     _ctl_task_list      
    fd08 CODE       _ctl_task_run       
    fdbc CODE       _ctl_task_set_priority
    3454 UDATA0     _ctl_task_switch_callout
    1c04 IDATA0     _ctl_time_increment 
    fdfa CODE       _ctl_timeout_wait   
    1c00 IDATA0     _ctl_timeslice_period
   139d8 CODE       _doCmd              
   12620 CODE       _err_decode_arcbus  
   1333a CODE       _err_register_handler
   133f2 CODE       _error_init         
   136c0 CODE       _error_log_mem_replay
   13452 CODE       _error_recording_start
    e582 CODE       _example_command    
   15bb8 CODE       _fabsf              
   15976 CODE       _floor              
   15976 CODE       _floorf             
   15a46 CODE       _fmod               
   15a46 CODE       _fmodf              
   15bfa CODE       _frexp              
   13dac CODE       _getI2C_addr        
   1110c CODE       _get_ticker_time    
   15088 CODE       _getchar            
   13926 CODE       _helpCmd            
    3504 UDATA0     _helper_stack       
   13a68 CODE       _hist_decr          
   13a5c CODE       _hist_incr          
    3934 UDATA0     _idle_task          
    eaf8 CODE       _img_make_beacon    
   112e0 CODE       _initARCbus         
   11190 CODE       _initCLK            
   111f6 CODE       _initSVS            
   111da CODE       _init_timerA        
   1506c CODE       _iscntrl            
   1504c CODE       _isdigit            
   1503a CODE       _islower            
   1505c CODE       _isspace            
   15028 CODE       _isupper            
   15bbe CODE       _ldexp              
    e4f6 CODE       _main               
   11eec CODE       _mainLoop           
   130de CODE       _main_return        
   138bc CODE       _make_args          
   153d8 CODE       _memcpy             
   153e8 CODE       _memset             
   14196 CODE       _mmcGoIdle          
   14182 CODE       _mmcInit_card       
   14120 CODE       _mmcInit_msp        
   140a2 CODE       _mmcLock            
   14132 CODE       _mmcReInit_card     
   1462e CODE       _mmcReadBlock       
   14810 CODE       _mmcSendCmd         
    1c22 IDATA0     _mmcStat            
   14066 CODE       _mmcUnlock          
   14716 CODE       _mmcWriteBlock      
    c6fe ISR        _mmc_ISR            
   144ee CODE       _mmc_R1             
   1452a CODE       _mmc_R2             
   14566 CODE       _mmc_dat_resp       
   1404a CODE       _mmc_is_init        
   140da CODE       _mmc_pins_on        
   145f8 CODE       _mmc_token          
   158e0 CODE       _modff              
    422c UDATA0     _next_idx           
    1c10 IDATA0     _powerState         
   15176 CODE       _printf             
   151b2 CODE       _puts               
   11402 CODE       _readTA1            
   135fa CODE       _record_error       
   13692 CODE       _report_error       
   130ac CODE       _reset_bor          
    3fc4 UDATA0     _rxbuf              
    421c UDATA0     _saved_error        
    eae2 CODE       _sensor_init        
    33de UDATA0     _serialNum          
   11124 CODE       _setget_ticker_time 
   13ecc CODE       _spiDummyClk        
   13ee8 CODE       _spiReadFrame       
   13eae CODE       _spiSendByte        
   13fa0 CODE       _spiSendFrame       
   151ec CODE       _sprintf            
   111ee CODE       _start_timerA       
   130f2 CODE       _startup_error_check
    3446 UDATA0     _stat_mutex         
    344c UDATA0     _status             
   1521c CODE       _strcmp             
   1523c CODE       _strcpy             
   15252 CODE       _strlcpy            
   153f8 CODE       _strlen             
   15296 CODE       _strnlen            
   152b0 CODE       _strtol             
    ea1c CODE       _sub_events         
    1c36 UDATA0     _sub_stack          
    33a6 UDATA0     _sub_task           
    c568 ISR        _task_tick          
   13a74 CODE       _terminal           
    2406 UDATA0     _terminal_stack     
    33c2 UDATA0     _terminal_task      
    34ec UDATA0     _ticker_time        
    40f0 UDATA0     _txbuf              
    e65a CODE       _write_settings     
    ceae CONST      thread_init_begin   
    ceb2 CONST      thread_init_end     


SYMBOLS BY VALUE

      80            CTL_IRQ_STACK_SIZE  
     4c0            ___crt_mpy          
     4c8            ___crt_op2          
     4ca            ___crt_reslo        
     4d0            ___crt_mpy32l       
     4d2            ___crt_mpy32h       
     4e0            ___crt_op2l         
     4e2            ___crt_op2h         
     4e4            ___crt_res0         
     4e6            ___crt_res1         
     4e8            ___crt_res2         
     4ea            ___crt_res3         
    1c00            ___begin_IDATA0     
    1c00 IDATA0     _ctl_timeslice_period
    1c00            ___RAM_Address      
    1c04 IDATA0     _ctl_time_increment 
    1c06 IDATA0     _ctl_libc_mutex     
    1c10 IDATA0     _powerState         
    1c12 IDATA0     _cmd_parse_list     
    1c16 IDATA0     _async_addr         
    1c18 IDATA0     _async_timer        
    1c1a IDATA0     _closed_event       
    1c1c IDATA0     _closed_flag        
    1c22 IDATA0     _mmcStat            
    1c2a IDATA0     ___ungot            
    1c2c IDATA0     ___RAL_global_locale
    1c36            ___end_IDATA0       
    1c36            ___begin_UDATA0     
    1c36 UDATA0     _sub_stack          
    2406 UDATA0     _terminal_stack     
    33a6 UDATA0     _sub_task           
    33c2 UDATA0     _terminal_task      
    33de UDATA0     _serialNum          
    33df UDATA0     _bufferLen          
    33e0 UDATA0     _camerabuff         
    3446 UDATA0     _stat_mutex         
    344c UDATA0     _status             
    3454 UDATA0     _ctl_task_switch_callout
    3456 UDATA0     _ctl_last_schedule_time
    345a UDATA0     _ctl_current_time   
    345e UDATA0     _ctl_reschedule_on_last_isr_exit
    345f UDATA0     _ctl_interrupt_count
    3460 UDATA0     _ctl_task_executing 
    3462 UDATA0     _ctl_task_list      
    34e6 UDATA0     _crc_mutex          
    34ec UDATA0     _ticker_time        
    3504 UDATA0     _helper_stack       
    36f8 UDATA0     _ARC_bus_helper_task
    3714 UDATA0     _BUS_INT_events     
    3716 UDATA0     _BUS_helper_events  
    3718 UDATA0     _BUS_stack          
    3918 UDATA0     _ARC_bus_task       
    3934 UDATA0     _idle_task          
    3950 UDATA0     _SUB_events         
    3952 UDATA0     _arcBus_stat        
    3974 UDATA0     _I2C_rx_out         
    3976 UDATA0     _I2C_rx_in          
    3978 UDATA0     _I2C_rx_buf         
    3bb8 UDATA0     _DMA_events         
    3fbe UDATA0     _buffer_mutex       
    3fc4 UDATA0     _rxbuf              
    40f0 UDATA0     _txbuf              
    41f0 UDATA0     _async_rxQ          
    41fe UDATA0     _async_txQ          
    420c UDATA0     _alarms             
    421c UDATA0     _saved_error        
    422c UDATA0     _next_idx           
    46ce UDATA0     _UCA1_RxBuf         
    4772 UDATA0     _UCA1_TxBuf         
    4818 UDATA0     _UCA3_RxBuf         
    48bc UDATA0     _UCA3_TxBuf         
    4962 UDATA0     ___user_format_extender
    4964            ___end_UDATA0       
    4964            ___begin_THREAD     
    4964 THREAD     _BUS_thread_addr_flags
    4968            ___end_THREAD       
    8000            ___RAM_Size         
    c000 ISR        ___thunk___putchar  
    c004 ISR        ___thunk_example_command
    c008 ISR        ___thunk_VidOn      
    c00c ISR        ___thunk_VidOff     
    c010 ISR        ___thunk_addr       
    c014 ISR        ___thunk_asyncProxyCmd
    c018 ISR        ___thunk_sub_events 
    c024 ISR        _bus_I2C_isr        
    c460 ISR        _bus_SPI_isr        
    c46c ISR        _bus_int            
    c522 ISR        _DMA_int            
    c568 ISR        _task_tick          
    c5a2 ISR        _bus_resend         
    c5e8 ISR        _SYS_NMI            
    c6f2 ISR        ___thunk_err_decode_arcbus
    c6f6 ISR        ___thunk_helpCmd    
    c6fa ISR        ___thunk_terminal   
    c6fe ISR        _mmc_ISR            
    c70a ISR        _UCA1_ISR           
    c760 ISR        _UCA3_ISR           
    c7ce ISR        ___thunk___RAL_ascii_mbtowc
    c7d2 ISR        ___thunk___RAL_ascii_wctomb
    c80c CONST      _cmd_tbl            
    ce68 CONST      _ARClib_vstruct     
    ceae CONST      thread_init_begin   
    ceb2 CONST      thread_init_end     
    e1e4 CONST      _busAddrSym         
    e2c1 CONST      ___RAL_hex_uc       
    e2d1 CONST      ___RAL_hex_lc       
    e2fa CONST      ___RAL_ascii_ctype_map
    e388 CONST      ___RAL_codeset_ascii
    e398 CONST      ___RAL_c_locale_day_names
    e3d2 CONST      ___RAL_c_locale_abbrev_day_names
    e3ef CONST      ___RAL_c_locale_month_names
    e446 CONST      ___RAL_c_locale_abbrev_month_names
    e477 CONST      ___RAL_c_locale_am_pm_indicator
    e47e CONST      ___RAL_c_locale_date_format
    e487 CONST      ___RAL_c_locale_time_format
    e490 CONST      ___RAL_c_locale_date_time_format
    e49f CONST      ___RAL_data_utf8_period
    e4a1 CONST      ___RAL_data_empty_string
    e4a2 CONST      ___RAL_c_locale_data
    e4d4 CONST      ___RAL_c_locale     
    e4dc CONST      ___float32_nan      
    e4e0 CODE       ___putchar          
    e4f0 CODE       ___getchar          
    e4f6 CODE       _main               
    e582 CODE       _example_command    
    e606 CODE       _VidOn              
    e630 CODE       _VidOff             
    e65a CODE       _write_settings     
    e6a2 CODE       _addr               
    e780 CODE       _asyncProxyCmd      
    e8b6 CODE       _Adafruit_VC0706_init
    e8ce CODE       _Adafruit_VC0706_TVon
    e8fc CODE       _Adafruit_VC0706_TVoff
    e92a CODE       _Adafruit_VC0706_runCommand
    e978 CODE       _Adafruit_VC0706_sendCommand
    e9ae CODE       _Adafruit_VC0706_readResponse
    e9f8 CODE       _Adafruit_VC0706_verifyResponse
    ea1c CODE       _sub_events         
    eae2 CODE       _sensor_init        
    eaf8 CODE       _img_make_beacon    
    eb66 CODE       ___vfprintf         
    eb66 CODE       ___vfprintf_float_long
    fb6c CODE       _ctl_private_add_to_task_list
    fbba CODE       _ctl_private_remove_from_task_list
    fbf4 CODE       _ctl_private_reschedule
    fccc CODE       _ctl_task_init      
    fd08 CODE       _ctl_task_run       
    fd94 CODE       _ctl_task_die       
    fdbc CODE       _ctl_task_set_priority
    fdfa CODE       _ctl_timeout_wait   
    fe3c CODE       _ctl_increment_tick_from_isr
    feb6 CODE       _ctl_get_current_time
    fece CODE       ___printf_lock      
    feea CODE       ___printf_unlock    
    fefe CODE       _ctl_events_init    
    ff12 CODE       _ctl_events_wait    
   10094 CODE       _ctl_private_events_schedule
   10118 CODE       _ctl_events_set_clear
   10178 CODE       _ctl_mutex_init     
   10190 CODE       _ctl_mutex_lock_uc  
   101a4 CODE       _ctl_mutex_lock     
   102a8 CODE       _ctl_mutex_unlock   
   1036e CODE       _ctl_byte_queue_init
   10398 CODE       _ctl_byte_queue_setup_events
   103ce CODE       _ctl_byte_queue_num_used
   10502 CODE       _ctl_byte_queue_post_multi
   105da CODE       _ctl_byte_queue_receive_multi
   106a8 CODE       _ctl_byte_queue_post_multi_nb
   10718 CODE       _ctl_byte_queue_receive_multi_nb
   10788 CODE       _ctl_byte_queue_post
   107b6 CODE       _ctl_byte_queue_receive
   107dc CODE       _ctl_byte_queue_post_nb
   107f6 CODE       _ctl_byte_queue_receive_nb
   1080a CODE       _ctl_private_get_stack_start
   10810 CODE       _ctl_private_get_thread_local_storage
   10816 CODE       _ctl_private_init_registers
   10878 CODE       _ctl_private_init_thread_local_storage
   1088e CODE       ___RAL_read_tp      
   1089c CODE       _ctl_private_reschedule_from_api_call
   108b8 CODE       _ctl_enter_isr      
   108ec CODE       _ctl_exit_isr       
   10924 CODE       _ctl_global_interrupts_set
   1093c CODE       _BUS_get_OA         
   109b8 CODE       _BUS_flags_to_addr  
   10a2e CODE       _BUS_addr_to_flags  
   10a84 CODE       _BUS_cmd_init       
   10a9e CODE       _BUS_OA_check       
   10ad4 CODE       _addr_chk           
   10b00 CODE       _BUS_I2C_release    
   10b9c CODE       _BUS_cmd_tx         
   10e34 CODE       _BUS_SPI_txrx       
   110a6 CODE       _crc7               
   110d8 CODE       _crc16              
   1110c CODE       _get_ticker_time    
   11124 CODE       _setget_ticker_time 
   1114c CODE       _SPI_master_setup   
   11166 CODE       _SPI_slave_setup    
   11180 CODE       _SPI_deactivate     
   11190 CODE       _initCLK            
   111da CODE       _init_timerA        
   111ee CODE       _start_timerA       
   111f6 CODE       _initSVS            
   1124c CODE       _ARC_setup          
   112e0 CODE       _initARCbus         
   113de CODE       _BUS_stop_interrupts
   113e6 CODE       _BUS_restart_interrupts
   11402 CODE       _readTA1            
   11eec CODE       _mainLoop           
   11f36 CODE       _BUS_init_buffer    
   11f40 CODE       _BUS_get_buffer_size
   11f46 CODE       _BUS_get_buffer     
   11f6e CODE       _BUS_free_buffer    
   11f78 CODE       _BUS_free_buffer_from_event
   11f86 CODE       _async_isOpen       
   11f8c CODE       _async_open         
   12008 CODE       _async_open_remote  
   1209a CODE       _async_close        
   12116 CODE       _async_close_remote 
   12144 CODE       _async_send_data    
   121aa CODE       _async_TxChar       
   121ee CODE       _async_Getc         
   12216 CODE       _async_setup_events 
   1223e CODE       _async_setup_close_event
   12248 CODE       _BUS_alarm_is_free  
   12270 CODE       _BUS_get_alarm_time 
   122a6 CODE       _BUS_free_alarm     
   122be CODE       _BUS_timer_timeout_check
   12312 CODE       _BUS_alarm_ticker_update
   1241a CODE       _PMM_setVCoreUp     
   12514 CODE       _PMM_setVCoreDown   
   125ce CODE       _PMM_setVCore       
   1260e CODE       _ctl_handle_error   
   12620 CODE       _err_decode_arcbus  
   12d08 CODE       _BUS_error_str      
   12dd8 CODE       _BUS_cmdtostr       
   12f84 CODE       _BUS_cmd_resptostr  
   1300a CODE       _bus_flags_tostr    
   1302a CODE       _bus_version_err_tostr
   130ac CODE       _reset_bor          
   130de CODE       _main_return        
   130f2 CODE       _startup_error_check
   1333a CODE       _err_register_handler
   133f2 CODE       _error_init         
   13452 CODE       _error_recording_start
   13550 CODE       __record_error      
   135fa CODE       _record_error       
   13692 CODE       _report_error       
   136c0 CODE       _error_log_mem_replay
   138bc CODE       _make_args          
   13926 CODE       _helpCmd            
   139d8 CODE       _doCmd              
   13a5c CODE       _hist_incr          
   13a68 CODE       _hist_decr          
   13a74 CODE       _terminal           
   13d2c CODE       _I2C_addr_lookup    
   13d74 CODE       _I2C_addr_revlookup 
   13dac CODE       _getI2C_addr        
   13e76 CODE       _SPISetup           
   13e8c CODE       _SPI_fast           
   13e9e CODE       _SPI_slow           
   13eae CODE       _spiSendByte        
   13ecc CODE       _spiDummyClk        
   13ee8 CODE       _spiReadFrame       
   13fa0 CODE       _spiSendFrame       
   1404a CODE       _mmc_is_init        
   14066 CODE       _mmcUnlock          
   140a2 CODE       _mmcLock            
   140da CODE       _mmc_pins_on        
   140fe CODE       __mmc_pins_map      
   14120 CODE       _mmcInit_msp        
   14132 CODE       _mmcReInit_card     
   14182 CODE       _mmcInit_card       
   14196 CODE       _mmcGoIdle          
   144ee CODE       _mmc_R1             
   1452a CODE       _mmc_R2             
   14566 CODE       _mmc_dat_resp       
   145f8 CODE       _mmc_token          
   1462e CODE       _mmcReadBlock       
   14716 CODE       _mmcWriteBlock      
   14810 CODE       _mmcSendCmd         
   14892 CODE       _UCA1_init_UART     
   1496e CODE       _UCA1_BR38400       
   1499e CODE       _UCA1_TxChar        
   149da CODE       _UCA1_Getc          
   149f6 CODE       _UCA1_CheckKey      
   14a12 CODE       _UCA1_setup_events  
   14a4a CODE       _UCA3_init_UART     
   14b26 CODE       _UCA3_BR57600       
   14b56 CODE       _UCA3_TxChar        
   14b92 CODE       _UCA3_Getc          
   14bae CODE       ___int32_mul        
   14bd0 CODE       ___int16_div        
   14bf6 CODE       ___int16_mod        
   14c1c CODE       ___int16_mul        
   14c32 CODE       ___int64_lsl        
   14c44 CODE       ___int64_lsr        
   14ca4 CODE       ___uint64_mod       
   14cc4 CODE       ___uint16_div       
   14cdc CODE       ___uint16_mod       
   14ce4 CODE       ___uint32_div       
   14cee CODE       ___uint32_divmod    
   14d16 CODE       ___uint32_mod       
   14d24 CODE       ___uint64_div       
   14d4c CODE       ___uint64_divmod    
   14d88 CODE       ___digit            
   14dce CODE       ___RAL_pow10        
   14e24 CODE       ___strtoul          
   14f42 CODE       ___putc             
   14f8c CODE       ___RAL_print_padding
   14faa CODE       ___RAL_pre_padding  
   14fd4 CODE       _abs                
   14fe4 CODE       _atoi               
   1500a CODE       ___RAL_isctype      
   15028 CODE       _isupper            
   1503a CODE       _islower            
   1504c CODE       _isdigit            
   1505c CODE       _isspace            
   1506c CODE       _iscntrl            
   1507e CODE       ___errno            
   15088 CODE       _getchar            
   150a6 CODE       ___RAL_global_locale_category
   15176 CODE       _printf             
   151b2 CODE       _puts               
   151ec CODE       _sprintf            
   1521c CODE       _strcmp             
   1523c CODE       _strcpy             
   15252 CODE       _strlcpy            
   15296 CODE       _strnlen            
   152b0 CODE       _strtol             
   1535c CODE       ___RAL_init_mbstate 
   1536a CODE       ___RAL_ascii_mbtowc 
   153b0 CODE       ___RAL_ascii_wctomb 
   153d8 CODE       _memcpy             
   153e8 CODE       _memset             
   153f8 CODE       _strlen             
   15408 CODE       ___float32_isinf    
   15422 CODE       ___float32_isnan    
   1543a CODE       ___float32_signbit  
   1544a CODE       ___uint64_to_float32
   1556e CODE       ___float32_to_int64 
   15620 CODE       ___float32_add      
   15712 CODE       ___float32_sub      
   1571e CODE       ___float32_mul      
   157f6 CODE       ___float32_div      
   158b4 CODE       ___float32_lt       
   158d0 CODE       ___float32_eq       
   158e0 CODE       _modff              
   15976 CODE       _floor              
   15976 CODE       _floorf             
   15a46 CODE       _fmod               
   15a46 CODE       _fmodf              
   15bb8 CODE       _fabsf              
   15bbe CODE       _ldexp              
   15bfa CODE       _frexp              
