
SYMBOLS BY NAME

      80            CTL_IRQ_STACK_SIZE  
    2680 UDATA0     _ARC_bus_helper_task
    28a0 UDATA0     _ARC_bus_task       
   126be CODE       _ARC_setup          
    d269 CONST      _ARClib_version     
   15a22 CODE       _ARClib_version_Cmd 
    d27c CONST      _ARClib_vstruct     
   1596c CODE       _ARCsearch_Cmd      
    fb12 CODE       _Adafruit_VC0706_TVoff
    fae4 CODE       _Adafruit_VC0706_TVon
    fb40 CODE       _Adafruit_VC0706_frameLength
    faa2 CODE       _Adafruit_VC0706_getImageSize
    fa8a CODE       _Adafruit_VC0706_init
    fc62 CODE       _Adafruit_VC0706_readResponse
    fbde CODE       _Adafruit_VC0706_runCommand
    fc2c CODE       _Adafruit_VC0706_sendCommand
    fcac CODE       _Adafruit_VC0706_verifyResponse
   11f72 CODE       _BUS_I2C_release    
    269c UDATA0     _BUS_INT_events     
   11f10 CODE       _BUS_OA_check       
   122a6 CODE       _BUS_SPI_txrx       
   11ea0 CODE       _BUS_addr_to_flags  
   13526 CODE       _BUS_alarm_is_free  
   1363e CODE       _BUS_alarm_ticker_update
   11ef6 CODE       _BUS_cmd_init       
   142b0 CODE       _BUS_cmd_resptostr  
   1200e CODE       _BUS_cmd_tx         
   14104 CODE       _BUS_cmdtostr       
   14034 CODE       _BUS_error_str      
   11e2a CODE       _BUS_flags_to_addr  
   135d2 CODE       _BUS_free_alarm     
   133e2 CODE       _BUS_free_buffer    
   133ec CODE       _BUS_free_buffer_from_event
   11dae CODE       _BUS_get_OA         
   1354e CODE       _BUS_get_alarm_time 
   133ba CODE       _BUS_get_buffer     
   133b4 CODE       _BUS_get_buffer_size
    269e UDATA0     _BUS_helper_events  
   133aa CODE       _BUS_init_buffer    
   12860 CODE       _BUS_register_cmd_callback
   13584 CODE       _BUS_set_alarm      
    26a0 UDATA0     _BUS_stack          
    38ec THREAD     _BUS_thread_addr_flags
   135ea CODE       _BUS_timer_timeout_check
    f7b0 CODE       _CamOffCmd          
    f798 CODE       _CamOnCmd           
    2b40 UDATA0     _DMA_events         
    c53a ISR        _DMA_int            
   149d0 CODE       _ERR_lev_str        
   154c6 CODE       _I2C_addr_lookup    
   1550e CODE       _I2C_addr_revlookup 
    2900 UDATA0     _I2C_rx_buf         
    28fe UDATA0     _I2C_rx_in          
    28fc UDATA0     _I2C_rx_out         
    23c6 UDATA0     _IMG_events         
    1c02 IDATA0     _IMG_parse          
    fcd0 CODE       _IMG_parse_cmd      
    fe90 CODE       _LED_off            
    fe86 CODE       _LED_on             
   138fa CODE       _PMM_setVCore       
   13840 CODE       _PMM_setVCoreDown   
   13746 CODE       _PMM_setVCoreUp     
   16b78 CODE       _SD_error_str       
    f930 CODE       _SDcardCmd          
    f96e CODE       _SDcheckCmd         
    f99c CODE       _SDeraseCmd         
   1604e CODE       _SPISetup           
   125f2 CODE       _SPI_deactivate     
   16064 CODE       _SPI_fast           
   125be CODE       _SPI_master_setup   
   125d8 CODE       _SPI_slave_setup    
   16076 CODE       _SPI_slow           
    28d8 UDATA0     _SUB_events         
    c600 ISR        _SYS_NMI            
   16e6a CODE       _UCA1_BR38400       
   16ed6 CODE       _UCA1_CheckKey      
    c75a ISR        _UCA1_ISR           
    3656 UDATA0     _UCA1_RxBuf         
    36fa UDATA0     _UCA1_TxBuf         
   16e9a CODE       _UCA1_TxChar        
   16d8e CODE       _UCA1_init_UART     
   16fde CODE       _UCA3_BR57600       
   1704a CODE       _UCA3_Getc          
    c7b0 ISR        _UCA3_ISR           
    37a0 UDATA0     _UCA3_RxBuf         
    3844 UDATA0     _UCA3_TxBuf         
   1700e CODE       _UCA3_TxChar        
   16f02 CODE       _UCA3_init_UART     
    fa36 CODE       _VidOffCmd          
    fa60 CODE       _VidOnCmd           
    f4c4 CONST      ___RAL_ascii_ctype_map
   1792e CODE       ___RAL_ascii_mbtowc 
   17974 CODE       ___RAL_ascii_wctomb 
    f69e CONST      ___RAL_c_locale     
    f59c CONST      ___RAL_c_locale_abbrev_day_names
    f610 CONST      ___RAL_c_locale_abbrev_month_names
    f641 CONST      ___RAL_c_locale_am_pm_indicator
    f66c CONST      ___RAL_c_locale_data
    f648 CONST      ___RAL_c_locale_date_format
    f65a CONST      ___RAL_c_locale_date_time_format
    f562 CONST      ___RAL_c_locale_day_names
    f5b9 CONST      ___RAL_c_locale_month_names
    f651 CONST      ___RAL_c_locale_time_format
    f552 CONST      ___RAL_codeset_ascii
    f66b CONST      ___RAL_data_empty_string
    f669 CONST      ___RAL_data_utf8_period
    1c34 IDATA0     ___RAL_global_locale
   17588 CODE       ___RAL_global_locale_category
    f49c CONST      ___RAL_hex_lc       
    f48c CONST      ___RAL_hex_uc       
   17920 CODE       ___RAL_init_mbstate 
   174ec CODE       ___RAL_isctype      
   17286 CODE       ___RAL_pow10        
   17462 CODE       ___RAL_pre_padding  
   17444 CODE       ___RAL_print_padding
   11d00 CODE       ___RAL_read_tp      
    1c00            ___RAM_Address      
    8000            ___RAM_Size         
    1c00            ___begin_IDATA0     
    38ec            ___begin_THREAD     
    1c3e            ___begin_UDATA0     
     4c0            ___crt_mpy          
     4d2            ___crt_mpy32h       
     4d0            ___crt_mpy32l       
     4c8            ___crt_op2          
     4e2            ___crt_op2h         
     4e0            ___crt_op2l         
     4e4            ___crt_res0         
     4e6            ___crt_res1         
     4e8            ___crt_res2         
     4ea            ___crt_res3         
     4ca            ___crt_reslo        
   17240 CODE       ___digit            
    1c3e            ___end_IDATA0       
    38f0            ___end_THREAD       
    38ec            ___end_UDATA0       
   17560 CODE       ___errno            
   17be4 CODE       ___float32_add      
   17dba CODE       ___float32_div      
   17e94 CODE       ___float32_eq       
   179cc CODE       ___float32_isinf    
   179e6 CODE       ___float32_isnan    
   17e78 CODE       ___float32_lt       
   17ce2 CODE       ___float32_mul      
    f6a6 CONST      ___float32_nan      
   179fe CODE       ___float32_signbit  
   17cd6 CODE       ___float32_sub      
   17b32 CODE       ___float32_to_int64 
    f6ba CODE       ___getchar          
   17088 CODE       ___int16_div        
   170ae CODE       ___int16_mod        
   170d4 CODE       ___int16_mul        
   17066 CODE       ___int32_mul        
   170ea CODE       ___int64_lsl        
   170fc CODE       ___int64_lsr        
   11412 CODE       ___printf_lock      
   1142e CODE       ___printf_unlock    
   173fa CODE       ___putc             
    f6aa CODE       ___putchar          
   172dc CODE       ___strtoul          
    c72a ISR        ___thunk_ARClib_version_Cmd
    c726 ISR        ___thunk_ARCsearch_Cmd
    c008 ISR        ___thunk_CamOffCmd  
    c004 ISR        ___thunk_CamOnCmd   
    c02c ISR        ___thunk_IMG_parse_cmd
    c014 ISR        ___thunk_SDcardCmd  
    c018 ISR        ___thunk_SDcheckCmd 
    c01c ISR        ___thunk_SDeraseCmd 
    c024 ISR        ___thunk_VidOffCmd  
    c028 ISR        ___thunk_VidOnCmd   
    c81e ISR        ___thunk___RAL_ascii_mbtowc
    c822 ISR        ___thunk___RAL_ascii_wctomb
    c000 ISR        ___thunk___putchar  
    c746 ISR        ___thunk_clearErrCmd
    c72e ISR        ___thunk_errReq_Cmd 
    c70a ISR        ___thunk_err_decode_arcbus
    c70e ISR        ___thunk_helpCmd    
    c00c ISR        ___thunk_imgSizeCmd 
    c74a ISR        ___thunk_logCmd     
    c010 ISR        ___thunk_picListCmd 
    c732 ISR        ___thunk_priorityCmd
    c742 ISR        ___thunk_replayCmd  
    c716 ISR        ___thunk_restCmd    
    c722 ISR        ___thunk_spiCmd     
    c73e ISR        ___thunk_stackCmd   
    c73a ISR        ___thunk_statsCmd   
    c030 ISR        ___thunk_sub_events 
    c020 ISR        ___thunk_takePicCmd 
    c712 ISR        ___thunk_terminal   
    c71a ISR        ___thunk_timeCmd    
    c736 ISR        ___thunk_timesliceCmd
    c71e ISR        ___thunk_txCmd      
   1717c CODE       ___uint16_div       
   17194 CODE       ___uint16_mod       
   1719c CODE       ___uint32_div       
   171a6 CODE       ___uint32_divmod    
   171ce CODE       ___uint32_mod       
   171dc CODE       ___uint64_div       
   17204 CODE       ___uint64_divmod    
   1715c CODE       ___uint64_mod       
   17a0e CODE       ___uint64_to_float32
    1c32 IDATA0     ___ungot            
    38ea UDATA0     ___user_format_extender
   100aa CODE       ___vfprintf         
   100aa CODE       ___vfprintf_float_long
   162d6 CODE       __mmc_pins_map      
   1488e CODE       __record_error      
   1748c CODE       _abs                
   11f46 CODE       _addr_chk           
    3194 UDATA0     _alarms             
    28da UDATA0     _arcBus_stat        
    1c1e IDATA0     _async_addr         
   13492 CODE       _async_close_remote 
   133fa CODE       _async_isOpen       
   13400 CODE       _async_open_remote  
    3178 UDATA0     _async_rxQ          
   134c0 CODE       _async_send_data    
    1c20 IDATA0     _async_timer        
    3186 UDATA0     _async_txQ          
   1749c CODE       _atoi               
   174c2 CODE       _atol               
    235f UDATA0     _bufferLen          
    2f46 UDATA0     _buffer_mutex       
    e782 CONST      _busAddrSym         
    c03c ISR        _bus_I2C_isr        
    c478 ISR        _bus_SPI_isr        
   14336 CODE       _bus_flags_tostr    
    c484 ISR        _bus_int            
    c5ba ISR        _bus_resend         
   14356 CODE       _bus_version_err_tostr
    2360 UDATA0     _camerabuff         
   15fa4 CODE       _clearErrCmd        
   14b12 CODE       _clear_saved_errors 
    1c22 IDATA0     _closed_event       
    1c24 IDATA0     _closed_flag        
    1c00 IDATA0     _cmdPic             
    1c1a IDATA0     _cmd_parse_list     
    c84c CONST      _cmd_tbl            
   1254a CODE       _crc16              
   12518 CODE       _crc7               
    246e UDATA0     _crc_mutex          
   1182c CODE       _ctl_byte_queue_init
   11bfa CODE       _ctl_byte_queue_post
   11974 CODE       _ctl_byte_queue_post_multi
   11b1a CODE       _ctl_byte_queue_post_multi_nb
   11c4e CODE       _ctl_byte_queue_post_nb
   11c28 CODE       _ctl_byte_queue_receive
   11a4c CODE       _ctl_byte_queue_receive_multi
   11b8a CODE       _ctl_byte_queue_receive_multi_nb
   11c68 CODE       _ctl_byte_queue_receive_nb
    23e2 UDATA0     _ctl_current_time   
   11d2a CODE       _ctl_enter_isr      
   11442 CODE       _ctl_events_init    
   115d6 CODE       _ctl_events_set_clear
   11456 CODE       _ctl_events_wait    
   11d5e CODE       _ctl_exit_isr       
   113fa CODE       _ctl_get_current_time
   11d96 CODE       _ctl_global_interrupts_set
   1393a CODE       _ctl_handle_error   
   11380 CODE       _ctl_increment_tick_from_isr
    23e7 UDATA0     _ctl_interrupt_count
    23de UDATA0     _ctl_last_schedule_time
    1c0e IDATA0     _ctl_libc_mutex     
   11636 CODE       _ctl_mutex_init     
   11662 CODE       _ctl_mutex_lock     
   1164e CODE       _ctl_mutex_lock_uc  
   11766 CODE       _ctl_mutex_unlock   
   110b0 CODE       _ctl_private_add_to_task_list
   11552 CODE       _ctl_private_events_schedule
   11c7c CODE       _ctl_private_get_stack_start
   11c82 CODE       _ctl_private_get_thread_local_storage
   11c88 CODE       _ctl_private_init_registers
   11cea CODE       _ctl_private_init_thread_local_storage
   110fe CODE       _ctl_private_remove_from_task_list
   11138 CODE       _ctl_private_reschedule
   11d0e CODE       _ctl_private_reschedule_from_api_call
    23e6 UDATA0     _ctl_reschedule_on_last_isr_exit
   112d8 CODE       _ctl_task_die       
    23e8 UDATA0     _ctl_task_executing 
   11210 CODE       _ctl_task_init      
    23ea UDATA0     _ctl_task_list      
   1124c CODE       _ctl_task_run       
   11300 CODE       _ctl_task_set_priority
    23dc UDATA0     _ctl_task_switch_callout
    1c0c IDATA0     _ctl_time_increment 
   1133e CODE       _ctl_timeout_wait   
    1c08 IDATA0     _ctl_timeslice_period
   15172 CODE       _doCmd              
   15a34 CODE       _errReq_Cmd         
   1394c CODE       _err_decode_arcbus  
   14a0e CODE       _err_do_decode      
   14666 CODE       _err_register_handler
   1471e CODE       _error_init         
   14b6a CODE       _error_log_mem_replay
   14d66 CODE       _error_log_replay   
   1477e CODE       _error_recording_start
   1817c CODE       _fabsf              
   17f3a CODE       _floor              
   17f3a CODE       _floorf             
   1800a CODE       _fmod               
   1800a CODE       _fmodf              
   181be CODE       _frexp              
   15546 CODE       _getI2C_addr        
   14888 CODE       _get_error_level    
   1257e CODE       _get_ticker_time    
   1756a CODE       _getchar            
   150c0 CODE       _helpCmd            
    248c UDATA0     _helper_stack       
   15202 CODE       _hist_decr          
   151f6 CODE       _hist_incr          
    28bc UDATA0     _idle_task          
    f7c8 CODE       _imgSizeCmd         
   1003c CODE       _img_make_beacon    
   12752 CODE       _initARCbus         
   12602 CODE       _initCLK            
   12668 CODE       _initSVS            
   1264c CODE       _init_timerA        
   1754e CODE       _iscntrl            
   1752e CODE       _isdigit            
   1751c CODE       _islower            
   1753e CODE       _isspace            
   1750a CODE       _isupper            
   18182 CODE       _ldexp              
   15fc8 CODE       _logCmd             
    f6c0 CODE       _main               
   13360 CODE       _mainLoop           
   1440a CODE       _main_return        
   15056 CODE       _make_args          
   1799c CODE       _memcpy             
   179ac CODE       _memset             
   16aa0 CODE       _mmcErase           
   1636e CODE       _mmcGoIdle          
   1635a CODE       _mmcInit_card       
   162f8 CODE       _mmcInit_msp        
   1627a CODE       _mmcLock            
   1630a CODE       _mmcReInit_card     
   1684c CODE       _mmcReadBlock       
   16a2e CODE       _mmcSendCmd         
    1c2a IDATA0     _mmcStat            
   1623e CODE       _mmcUnlock          
   16934 CODE       _mmcWriteBlock      
    c74e ISR        _mmc_ISR            
   166c6 CODE       _mmc_R1             
   1673e CODE       _mmc_R1b            
   16702 CODE       _mmc_R2             
   16784 CODE       _mmc_dat_resp       
   16222 CODE       _mmc_is_init        
   162b2 CODE       _mmc_pins_on        
   16816 CODE       _mmc_token          
   17ea4 CODE       _modff              
    31b4 UDATA0     _next_idx           
   15e3e CODE       _parse_log_level    
    f846 CODE       _picListCmd         
    23c9 UDATA0     _picNum             
    1c18 IDATA0     _powerState         
   14a96 CODE       _print_error        
   17658 CODE       _printf             
   15bf4 CODE       _priorityCmd        
   17694 CODE       _puts               
    23c8 UDATA0     _readBlock          
    23cc UDATA0     _readPic            
   12850 CODE       _readTA1            
   14938 CODE       _record_error       
   15f18 CODE       _replayCmd          
   14ae4 CODE       _report_error       
   143d8 CODE       _reset_bor          
   15610 CODE       _restCmd            
    2f4c UDATA0     _rxbuf              
    31a4 UDATA0     _saved_error        
    fe9a CODE       _sensor_init        
    fecc CODE       _sensor_off         
    feb0 CODE       _sensor_on          
    235e UDATA0     _serialNum          
   1487c CODE       _set_error_level    
   12596 CODE       _setget_ticker_time 
   1585a CODE       _spiCmd             
   160a4 CODE       _spiDummyClk        
   160c0 CODE       _spiReadFrame       
   16086 CODE       _spiSendByte        
   16178 CODE       _spiSendFrame       
   176ce CODE       _sprintf            
    2092 UDATA0     _stack1             
    1dd2 UDATA0     _stack2             
    1c3e UDATA0     _stack3             
   15df4 CODE       _stackCmd           
   12660 CODE       _start_timerA       
   1441e CODE       _startup_error_check
    23ce UDATA0     _stat_mutex         
   15d10 CODE       _stateName          
   15d92 CODE       _statsCmd           
    23d4 UDATA0     _status             
    feda CODE       _status_refresh     
   176fe CODE       _strcmp             
   1771e CODE       _strcpy             
   17762 CODE       _strlcpy            
   179bc CODE       _strlen             
   17734 CODE       _strncmp            
   177a6 CODE       _strnlen            
   177c0 CODE       _strtol             
   1786c CODE       _strtoul            
    fdc0 CODE       _sub_events         
    f9e2 CODE       _takePicCmd         
    c580 ISR        _task_tick          
    22ee UDATA0     _tasks              
   1520e CODE       _terminal           
    2474 UDATA0     _ticker_time        
   156c6 CODE       _timeCmd            
   15ca8 CODE       _timesliceCmd       
   156dc CODE       _txCmd              
    3078 UDATA0     _txbuf              
    23ca UDATA0     _writePic           
    d2ca CONST      thread_init_begin   
    d2ce CONST      thread_init_end     


SYMBOLS BY VALUE

      80            CTL_IRQ_STACK_SIZE  
     4c0            ___crt_mpy          
     4c8            ___crt_op2          
     4ca            ___crt_reslo        
     4d0            ___crt_mpy32l       
     4d2            ___crt_mpy32h       
     4e0            ___crt_op2l         
     4e2            ___crt_op2h         
     4e4            ___crt_res0         
     4e6            ___crt_res1         
     4e8            ___crt_res2         
     4ea            ___crt_res3         
    1c00 IDATA0     _cmdPic             
    1c00            ___RAM_Address      
    1c00            ___begin_IDATA0     
    1c02 IDATA0     _IMG_parse          
    1c08 IDATA0     _ctl_timeslice_period
    1c0c IDATA0     _ctl_time_increment 
    1c0e IDATA0     _ctl_libc_mutex     
    1c18 IDATA0     _powerState         
    1c1a IDATA0     _cmd_parse_list     
    1c1e IDATA0     _async_addr         
    1c20 IDATA0     _async_timer        
    1c22 IDATA0     _closed_event       
    1c24 IDATA0     _closed_flag        
    1c2a IDATA0     _mmcStat            
    1c32 IDATA0     ___ungot            
    1c34 IDATA0     ___RAL_global_locale
    1c3e            ___end_IDATA0       
    1c3e            ___begin_UDATA0     
    1c3e UDATA0     _stack3             
    1dd2 UDATA0     _stack2             
    2092 UDATA0     _stack1             
    22ee UDATA0     _tasks              
    235e UDATA0     _serialNum          
    235f UDATA0     _bufferLen          
    2360 UDATA0     _camerabuff         
    23c6 UDATA0     _IMG_events         
    23c8 UDATA0     _readBlock          
    23c9 UDATA0     _picNum             
    23ca UDATA0     _writePic           
    23cc UDATA0     _readPic            
    23ce UDATA0     _stat_mutex         
    23d4 UDATA0     _status             
    23dc UDATA0     _ctl_task_switch_callout
    23de UDATA0     _ctl_last_schedule_time
    23e2 UDATA0     _ctl_current_time   
    23e6 UDATA0     _ctl_reschedule_on_last_isr_exit
    23e7 UDATA0     _ctl_interrupt_count
    23e8 UDATA0     _ctl_task_executing 
    23ea UDATA0     _ctl_task_list      
    246e UDATA0     _crc_mutex          
    2474 UDATA0     _ticker_time        
    248c UDATA0     _helper_stack       
    2680 UDATA0     _ARC_bus_helper_task
    269c UDATA0     _BUS_INT_events     
    269e UDATA0     _BUS_helper_events  
    26a0 UDATA0     _BUS_stack          
    28a0 UDATA0     _ARC_bus_task       
    28bc UDATA0     _idle_task          
    28d8 UDATA0     _SUB_events         
    28da UDATA0     _arcBus_stat        
    28fc UDATA0     _I2C_rx_out         
    28fe UDATA0     _I2C_rx_in          
    2900 UDATA0     _I2C_rx_buf         
    2b40 UDATA0     _DMA_events         
    2f46 UDATA0     _buffer_mutex       
    2f4c UDATA0     _rxbuf              
    3078 UDATA0     _txbuf              
    3178 UDATA0     _async_rxQ          
    3186 UDATA0     _async_txQ          
    3194 UDATA0     _alarms             
    31a4 UDATA0     _saved_error        
    31b4 UDATA0     _next_idx           
    3656 UDATA0     _UCA1_RxBuf         
    36fa UDATA0     _UCA1_TxBuf         
    37a0 UDATA0     _UCA3_RxBuf         
    3844 UDATA0     _UCA3_TxBuf         
    38ea UDATA0     ___user_format_extender
    38ec            ___begin_THREAD     
    38ec            ___end_UDATA0       
    38ec THREAD     _BUS_thread_addr_flags
    38f0            ___end_THREAD       
    8000            ___RAM_Size         
    c000 ISR        ___thunk___putchar  
    c004 ISR        ___thunk_CamOnCmd   
    c008 ISR        ___thunk_CamOffCmd  
    c00c ISR        ___thunk_imgSizeCmd 
    c010 ISR        ___thunk_picListCmd 
    c014 ISR        ___thunk_SDcardCmd  
    c018 ISR        ___thunk_SDcheckCmd 
    c01c ISR        ___thunk_SDeraseCmd 
    c020 ISR        ___thunk_takePicCmd 
    c024 ISR        ___thunk_VidOffCmd  
    c028 ISR        ___thunk_VidOnCmd   
    c02c ISR        ___thunk_IMG_parse_cmd
    c030 ISR        ___thunk_sub_events 
    c03c ISR        _bus_I2C_isr        
    c478 ISR        _bus_SPI_isr        
    c484 ISR        _bus_int            
    c53a ISR        _DMA_int            
    c580 ISR        _task_tick          
    c5ba ISR        _bus_resend         
    c600 ISR        _SYS_NMI            
    c70a ISR        ___thunk_err_decode_arcbus
    c70e ISR        ___thunk_helpCmd    
    c712 ISR        ___thunk_terminal   
    c716 ISR        ___thunk_restCmd    
    c71a ISR        ___thunk_timeCmd    
    c71e ISR        ___thunk_txCmd      
    c722 ISR        ___thunk_spiCmd     
    c726 ISR        ___thunk_ARCsearch_Cmd
    c72a ISR        ___thunk_ARClib_version_Cmd
    c72e ISR        ___thunk_errReq_Cmd 
    c732 ISR        ___thunk_priorityCmd
    c736 ISR        ___thunk_timesliceCmd
    c73a ISR        ___thunk_statsCmd   
    c73e ISR        ___thunk_stackCmd   
    c742 ISR        ___thunk_replayCmd  
    c746 ISR        ___thunk_clearErrCmd
    c74a ISR        ___thunk_logCmd     
    c74e ISR        _mmc_ISR            
    c75a ISR        _UCA1_ISR           
    c7b0 ISR        _UCA3_ISR           
    c81e ISR        ___thunk___RAL_ascii_mbtowc
    c822 ISR        ___thunk___RAL_ascii_wctomb
    c84c CONST      _cmd_tbl            
    d269 CONST      _ARClib_version     
    d27c CONST      _ARClib_vstruct     
    d2ca CONST      thread_init_begin   
    d2ce CONST      thread_init_end     
    e782 CONST      _busAddrSym         
    f48c CONST      ___RAL_hex_uc       
    f49c CONST      ___RAL_hex_lc       
    f4c4 CONST      ___RAL_ascii_ctype_map
    f552 CONST      ___RAL_codeset_ascii
    f562 CONST      ___RAL_c_locale_day_names
    f59c CONST      ___RAL_c_locale_abbrev_day_names
    f5b9 CONST      ___RAL_c_locale_month_names
    f610 CONST      ___RAL_c_locale_abbrev_month_names
    f641 CONST      ___RAL_c_locale_am_pm_indicator
    f648 CONST      ___RAL_c_locale_date_format
    f651 CONST      ___RAL_c_locale_time_format
    f65a CONST      ___RAL_c_locale_date_time_format
    f669 CONST      ___RAL_data_utf8_period
    f66b CONST      ___RAL_data_empty_string
    f66c CONST      ___RAL_c_locale_data
    f69e CONST      ___RAL_c_locale     
    f6a6 CONST      ___float32_nan      
    f6aa CODE       ___putchar          
    f6ba CODE       ___getchar          
    f6c0 CODE       _main               
    f798 CODE       _CamOnCmd           
    f7b0 CODE       _CamOffCmd          
    f7c8 CODE       _imgSizeCmd         
    f846 CODE       _picListCmd         
    f930 CODE       _SDcardCmd          
    f96e CODE       _SDcheckCmd         
    f99c CODE       _SDeraseCmd         
    f9e2 CODE       _takePicCmd         
    fa36 CODE       _VidOffCmd          
    fa60 CODE       _VidOnCmd           
    fa8a CODE       _Adafruit_VC0706_init
    faa2 CODE       _Adafruit_VC0706_getImageSize
    fae4 CODE       _Adafruit_VC0706_TVon
    fb12 CODE       _Adafruit_VC0706_TVoff
    fb40 CODE       _Adafruit_VC0706_frameLength
    fbde CODE       _Adafruit_VC0706_runCommand
    fc2c CODE       _Adafruit_VC0706_sendCommand
    fc62 CODE       _Adafruit_VC0706_readResponse
    fcac CODE       _Adafruit_VC0706_verifyResponse
    fcd0 CODE       _IMG_parse_cmd      
    fdc0 CODE       _sub_events         
    fe86 CODE       _LED_on             
    fe90 CODE       _LED_off            
    fe9a CODE       _sensor_init        
    feb0 CODE       _sensor_on          
    fecc CODE       _sensor_off         
    feda CODE       _status_refresh     
   1003c CODE       _img_make_beacon    
   100aa CODE       ___vfprintf_float_long
   100aa CODE       ___vfprintf         
   110b0 CODE       _ctl_private_add_to_task_list
   110fe CODE       _ctl_private_remove_from_task_list
   11138 CODE       _ctl_private_reschedule
   11210 CODE       _ctl_task_init      
   1124c CODE       _ctl_task_run       
   112d8 CODE       _ctl_task_die       
   11300 CODE       _ctl_task_set_priority
   1133e CODE       _ctl_timeout_wait   
   11380 CODE       _ctl_increment_tick_from_isr
   113fa CODE       _ctl_get_current_time
   11412 CODE       ___printf_lock      
   1142e CODE       ___printf_unlock    
   11442 CODE       _ctl_events_init    
   11456 CODE       _ctl_events_wait    
   11552 CODE       _ctl_private_events_schedule
   115d6 CODE       _ctl_events_set_clear
   11636 CODE       _ctl_mutex_init     
   1164e CODE       _ctl_mutex_lock_uc  
   11662 CODE       _ctl_mutex_lock     
   11766 CODE       _ctl_mutex_unlock   
   1182c CODE       _ctl_byte_queue_init
   11974 CODE       _ctl_byte_queue_post_multi
   11a4c CODE       _ctl_byte_queue_receive_multi
   11b1a CODE       _ctl_byte_queue_post_multi_nb
   11b8a CODE       _ctl_byte_queue_receive_multi_nb
   11bfa CODE       _ctl_byte_queue_post
   11c28 CODE       _ctl_byte_queue_receive
   11c4e CODE       _ctl_byte_queue_post_nb
   11c68 CODE       _ctl_byte_queue_receive_nb
   11c7c CODE       _ctl_private_get_stack_start
   11c82 CODE       _ctl_private_get_thread_local_storage
   11c88 CODE       _ctl_private_init_registers
   11cea CODE       _ctl_private_init_thread_local_storage
   11d00 CODE       ___RAL_read_tp      
   11d0e CODE       _ctl_private_reschedule_from_api_call
   11d2a CODE       _ctl_enter_isr      
   11d5e CODE       _ctl_exit_isr       
   11d96 CODE       _ctl_global_interrupts_set
   11dae CODE       _BUS_get_OA         
   11e2a CODE       _BUS_flags_to_addr  
   11ea0 CODE       _BUS_addr_to_flags  
   11ef6 CODE       _BUS_cmd_init       
   11f10 CODE       _BUS_OA_check       
   11f46 CODE       _addr_chk           
   11f72 CODE       _BUS_I2C_release    
   1200e CODE       _BUS_cmd_tx         
   122a6 CODE       _BUS_SPI_txrx       
   12518 CODE       _crc7               
   1254a CODE       _crc16              
   1257e CODE       _get_ticker_time    
   12596 CODE       _setget_ticker_time 
   125be CODE       _SPI_master_setup   
   125d8 CODE       _SPI_slave_setup    
   125f2 CODE       _SPI_deactivate     
   12602 CODE       _initCLK            
   1264c CODE       _init_timerA        
   12660 CODE       _start_timerA       
   12668 CODE       _initSVS            
   126be CODE       _ARC_setup          
   12752 CODE       _initARCbus         
   12850 CODE       _readTA1            
   12860 CODE       _BUS_register_cmd_callback
   13360 CODE       _mainLoop           
   133aa CODE       _BUS_init_buffer    
   133b4 CODE       _BUS_get_buffer_size
   133ba CODE       _BUS_get_buffer     
   133e2 CODE       _BUS_free_buffer    
   133ec CODE       _BUS_free_buffer_from_event
   133fa CODE       _async_isOpen       
   13400 CODE       _async_open_remote  
   13492 CODE       _async_close_remote 
   134c0 CODE       _async_send_data    
   13526 CODE       _BUS_alarm_is_free  
   1354e CODE       _BUS_get_alarm_time 
   13584 CODE       _BUS_set_alarm      
   135d2 CODE       _BUS_free_alarm     
   135ea CODE       _BUS_timer_timeout_check
   1363e CODE       _BUS_alarm_ticker_update
   13746 CODE       _PMM_setVCoreUp     
   13840 CODE       _PMM_setVCoreDown   
   138fa CODE       _PMM_setVCore       
   1393a CODE       _ctl_handle_error   
   1394c CODE       _err_decode_arcbus  
   14034 CODE       _BUS_error_str      
   14104 CODE       _BUS_cmdtostr       
   142b0 CODE       _BUS_cmd_resptostr  
   14336 CODE       _bus_flags_tostr    
   14356 CODE       _bus_version_err_tostr
   143d8 CODE       _reset_bor          
   1440a CODE       _main_return        
   1441e CODE       _startup_error_check
   14666 CODE       _err_register_handler
   1471e CODE       _error_init         
   1477e CODE       _error_recording_start
   1487c CODE       _set_error_level    
   14888 CODE       _get_error_level    
   1488e CODE       __record_error      
   14938 CODE       _record_error       
   149d0 CODE       _ERR_lev_str        
   14a0e CODE       _err_do_decode      
   14a96 CODE       _print_error        
   14ae4 CODE       _report_error       
   14b12 CODE       _clear_saved_errors 
   14b6a CODE       _error_log_mem_replay
   14d66 CODE       _error_log_replay   
   15056 CODE       _make_args          
   150c0 CODE       _helpCmd            
   15172 CODE       _doCmd              
   151f6 CODE       _hist_incr          
   15202 CODE       _hist_decr          
   1520e CODE       _terminal           
   154c6 CODE       _I2C_addr_lookup    
   1550e CODE       _I2C_addr_revlookup 
   15546 CODE       _getI2C_addr        
   15610 CODE       _restCmd            
   156c6 CODE       _timeCmd            
   156dc CODE       _txCmd              
   1585a CODE       _spiCmd             
   1596c CODE       _ARCsearch_Cmd      
   15a22 CODE       _ARClib_version_Cmd 
   15a34 CODE       _errReq_Cmd         
   15bf4 CODE       _priorityCmd        
   15ca8 CODE       _timesliceCmd       
   15d10 CODE       _stateName          
   15d92 CODE       _statsCmd           
   15df4 CODE       _stackCmd           
   15e3e CODE       _parse_log_level    
   15f18 CODE       _replayCmd          
   15fa4 CODE       _clearErrCmd        
   15fc8 CODE       _logCmd             
   1604e CODE       _SPISetup           
   16064 CODE       _SPI_fast           
   16076 CODE       _SPI_slow           
   16086 CODE       _spiSendByte        
   160a4 CODE       _spiDummyClk        
   160c0 CODE       _spiReadFrame       
   16178 CODE       _spiSendFrame       
   16222 CODE       _mmc_is_init        
   1623e CODE       _mmcUnlock          
   1627a CODE       _mmcLock            
   162b2 CODE       _mmc_pins_on        
   162d6 CODE       __mmc_pins_map      
   162f8 CODE       _mmcInit_msp        
   1630a CODE       _mmcReInit_card     
   1635a CODE       _mmcInit_card       
   1636e CODE       _mmcGoIdle          
   166c6 CODE       _mmc_R1             
   16702 CODE       _mmc_R2             
   1673e CODE       _mmc_R1b            
   16784 CODE       _mmc_dat_resp       
   16816 CODE       _mmc_token          
   1684c CODE       _mmcReadBlock       
   16934 CODE       _mmcWriteBlock      
   16a2e CODE       _mmcSendCmd         
   16aa0 CODE       _mmcErase           
   16b78 CODE       _SD_error_str       
   16d8e CODE       _UCA1_init_UART     
   16e6a CODE       _UCA1_BR38400       
   16e9a CODE       _UCA1_TxChar        
   16ed6 CODE       _UCA1_CheckKey      
   16f02 CODE       _UCA3_init_UART     
   16fde CODE       _UCA3_BR57600       
   1700e CODE       _UCA3_TxChar        
   1704a CODE       _UCA3_Getc          
   17066 CODE       ___int32_mul        
   17088 CODE       ___int16_div        
   170ae CODE       ___int16_mod        
   170d4 CODE       ___int16_mul        
   170ea CODE       ___int64_lsl        
   170fc CODE       ___int64_lsr        
   1715c CODE       ___uint64_mod       
   1717c CODE       ___uint16_div       
   17194 CODE       ___uint16_mod       
   1719c CODE       ___uint32_div       
   171a6 CODE       ___uint32_divmod    
   171ce CODE       ___uint32_mod       
   171dc CODE       ___uint64_div       
   17204 CODE       ___uint64_divmod    
   17240 CODE       ___digit            
   17286 CODE       ___RAL_pow10        
   172dc CODE       ___strtoul          
   173fa CODE       ___putc             
   17444 CODE       ___RAL_print_padding
   17462 CODE       ___RAL_pre_padding  
   1748c CODE       _abs                
   1749c CODE       _atoi               
   174c2 CODE       _atol               
   174ec CODE       ___RAL_isctype      
   1750a CODE       _isupper            
   1751c CODE       _islower            
   1752e CODE       _isdigit            
   1753e CODE       _isspace            
   1754e CODE       _iscntrl            
   17560 CODE       ___errno            
   1756a CODE       _getchar            
   17588 CODE       ___RAL_global_locale_category
   17658 CODE       _printf             
   17694 CODE       _puts               
   176ce CODE       _sprintf            
   176fe CODE       _strcmp             
   1771e CODE       _strcpy             
   17734 CODE       _strncmp            
   17762 CODE       _strlcpy            
   177a6 CODE       _strnlen            
   177c0 CODE       _strtol             
   1786c CODE       _strtoul            
   17920 CODE       ___RAL_init_mbstate 
   1792e CODE       ___RAL_ascii_mbtowc 
   17974 CODE       ___RAL_ascii_wctomb 
   1799c CODE       _memcpy             
   179ac CODE       _memset             
   179bc CODE       _strlen             
   179cc CODE       ___float32_isinf    
   179e6 CODE       ___float32_isnan    
   179fe CODE       ___float32_signbit  
   17a0e CODE       ___uint64_to_float32
   17b32 CODE       ___float32_to_int64 
   17be4 CODE       ___float32_add      
   17cd6 CODE       ___float32_sub      
   17ce2 CODE       ___float32_mul      
   17dba CODE       ___float32_div      
   17e78 CODE       ___float32_lt       
   17e94 CODE       ___float32_eq       
   17ea4 CODE       _modff              
   17f3a CODE       _floorf             
   17f3a CODE       _floor              
   1800a CODE       _fmod               
   1800a CODE       _fmodf              
   1817c CODE       _fabsf              
   18182 CODE       _ldexp              
   181be CODE       _frexp              
